<html>
<body>
<pre>
<h1>µVision Build Log</h1>
<h2>Tool Versions:</h2>
IDE-Version: µVision V5.31.0.0
Copyright (C) 2020 ARM Ltd and ARM Germany GmbH. All rights reserved.
License Information: son phan, ptit, LIC=WHYH9-4XCIX-PCLJ8-33UL1-TE5B6-8THQM
 
Tool Versions:
Toolchain:       MDK-ARM Plus  Version: 5.31.0.0
Toolchain Path:  C:\Keil_v5\ARM\ARMCLANG\Bin
C Compiler:      ArmClang.exe V6.14
Assembler:       Armasm.exe V6.14
Linker/Locator:  ArmLink.exe V6.14
Library Manager: ArmAr.exe V6.14
Hex Converter:   FromElf.exe V6.14
CPU DLL:         SARMCM3.DLL V5.31.0.0
Dialog DLL:      DCM.DLL V1.17.3.0
Target DLL:      STLink\ST-LINKIII-KEIL_SWO.dll V3.0.7.0
Dialog DLL:      TCM.DLL V1.46.0.0
 
<h2>Project:</h2>
C:\Users\phant\Music\Thuc tap chuyen sau\LPC_STM32F106C8\LPC_STM32\lpc_stm32.uvprojx
Project File Date:  06/07/2024

<h2>Output:</h2>
*** Using Compiler 'V6.14', folder: 'C:\Keil_v5\ARM\ARMCLANG\Bin'
Build target 'Target 1'
main.c(14): warning: no previous extern declaration for non-static variable 'ovs_acc' [-Wmissing-variable-declarations]
volatile int16_t ovs_acc = 0;
                 ^
main.c(14): note: declare 'static' if the variable is not intended to be used outside of this translation unit
volatile int16_t ovs_acc = 0;
         ^
main.c(15): warning: no previous extern declaration for non-static variable 'ovs_cnt' [-Wmissing-variable-declarations]
volatile uint8_t ovs_cnt = 0;
                 ^
main.c(15): note: declare 'static' if the variable is not intended to be used outside of this translation unit
volatile uint8_t ovs_cnt = 0;
         ^
main.c(16): warning: no previous extern declaration for non-static variable 'adc_val' [-Wmissing-variable-declarations]
volatile uint16_t adc_val = 0;
                  ^
main.c(16): note: declare 'static' if the variable is not intended to be used outside of this translation unit
volatile uint16_t adc_val = 0;
         ^
main.c(18): warning: no previous extern declaration for non-static variable 'adc_buf_pos' [-Wmissing-variable-declarations]
volatile uint16_t adc_buf_pos = 0;
                  ^
main.c(18): note: declare 'static' if the variable is not intended to be used outside of this translation unit
volatile uint16_t adc_buf_pos = 0;
         ^
main.c(1): warning: In file included from...
C:/Users/phant/AppData/Local/Arm/Packs/Keil/STM32F1xx_DFP/2.4.0/Device/Include\stm32f10x.h(8347): warning: In file included from...
./RTE/Device/STM32F103C8\stm32f10x_conf.h(87): warning: In file included from...
C:/Users/phant/AppData/Local/Arm/Packs/Keil/STM32F1xx_DFP/2.4.0/Device/StdPeriph_Driver/inc\stm32f10x_tim.h(50): warning: padding size of 'TIM_TimeBaseInitTypeDef' with 1 byte to alignment boundary [-Wpadded]
typedef struct
        ^
main.c(22): warning: no previous prototype for function 'tim4_ini' [-Wmissing-prototypes]
void tim4_ini(void) {
     ^
main.c(22): note: declare 'static' if the function is not intended to be used outside of this translation unit
void tim4_ini(void) {
^
static 
main.c(1): warning: In file included from...
C:/Users/phant/AppData/Local/Arm/Packs/Keil/STM32F1xx_DFP/2.4.0/Device/Include\stm32f10x.h(8347): warning: In file included from...
./RTE/Device/STM32F103C8\stm32f10x_conf.h(30): warning: In file included from...
C:/Users/phant/AppData/Local/Arm/Packs/Keil/STM32F1xx_DFP/2.4.0/Device/StdPeriph_Driver/inc\stm32f10x_adc.h(63): warning: padding struct 'ADC_InitTypeDef' with 2 bytes to align 'ADC_ExternalTrigConv' [-Wpadded]
  uint32_t ADC_ExternalTrigConv;          /*!< Defines the external trigger used to start the analog
           ^
C:/Users/phant/AppData/Local/Arm/Packs/Keil/STM32F1xx_DFP/2.4.0/Device/StdPeriph_Driver/inc\stm32f10x_adc.h(49): warning: padding size of 'ADC_InitTypeDef' with 3 bytes to alignment boundary [-Wpadded]
typedef struct
        ^
main.c(35): warning: no previous prototype for function 'adc_ini' [-Wmissing-prototypes]
void adc_ini(void) {
     ^
main.c(35): note: declare 'static' if the function is not intended to be used outside of this translation unit
void adc_ini(void) {
^
static 
main.c(82): warning: implicit conversion changes signedness: 'int' to 'uint16_t' (aka 'unsigned short') [-Wsign-conversion]
            adc_val = ovs_acc / ovs_cnt;
                    ~ ~~~~~~~~^~~~~~~~~
main.c(76): warning: no previous prototype for function 'ADC1_2_IRQHandler' [-Wmissing-prototypes]
void ADC1_2_IRQHandler(void) {
     ^
main.c(76): note: declare 'static' if the function is not intended to be used outside of this translation unit
void ADC1_2_IRQHandler(void) {
^
static 
main.c(92): warning: no previous prototype for function 'SetSysClock' [-Wmissing-prototypes]
void SetSysClock(void) {
     ^
main.c(92): note: declare 'static' if the function is not intended to be used outside of this translation unit
void SetSysClock(void) {
^
static 
main.c(114): warning: no previous prototype for function 'LPC_Analyze' [-Wmissing-prototypes]
void LPC_Analyze(const int16_t *signal, int length, float *lpc_coefficients) {
     ^
main.c(114): note: declare 'static' if the function is not intended to be used outside of this translation unit
void LPC_Analyze(const int16_t *signal, int length, float *lpc_coefficients) {
^
static 
main.c(158): warning: implicit conversion increases floating-point precision: 'float' to 'double' [-Wdouble-promotion]
        reconstructed_data[i] = (uint16_t)(prediction + prediction_error + 0.5); // D? li?u t<E1>i t?o l<E0> d? do<E1>n c?ng v?i sai s?
                                           ~~~~~~~~~~~^~~~~~~~~~~~~~~~~~ ~
main.c(149): warning: no previous prototype for function 'Reconstruct_ADC_Data' [-Wmissing-prototypes]
void Reconstruct_ADC_Data(float *lpc_coefficients, int length, uint16_t adc_value, uint16_t *reconstructed_data) {
     ^
main.c(149): note: declare 'static' if the function is not intended to be used outside of this translation unit
void Reconstruct_ADC_Data(float *lpc_coefficients, int length, uint16_t adc_value, uint16_t *reconstructed_data) {
^
static 
main.c(174): warning: implicit conversion loses integer precision: 'int' to 'uint16_t' (aka 'unsigned short') [-Wimplicit-int-conversion]
            uint16_t adc_value = (adc_buffer[adc_buf_pos - 2]) | (adc_buffer[adc_buf_pos - 1] << 8);
                     ~~~~~~~~~   ~~~~~~~~~~~~~~~~~~~~~~~~~~~~~~^~~~~~~~~~~~~~~~~~~~~~~~~~~~~~~~~~~~
main.c(175): warning: implicit conversion changes signedness: 'uint16_t' (aka 'unsigned short') to 'int16_t' (aka 'short') [-Wsign-conversion]
            signal_buffer[index++] = adc_value;
                                   ~ ^~~~~~~~~
main.c(169): warning: padding struct 'struct (anonymous at main.c:167:5)' with 2 bytes to align 'lpc_coefficients' [-Wpadded]
        float lpc_coefficients[LPC_ORDER];
              ^
main.c(163): warning: unused parameter 'pvParameters' [-Wunused-parameter]
void vTaskReadSensor(void *pvParameters) {
                           ^
main.c(163): warning: no previous prototype for function 'vTaskReadSensor' [-Wmissing-prototypes]
void vTaskReadSensor(void *pvParameters) {
     ^
main.c(163): note: declare 'static' if the function is not intended to be used outside of this translation unit
void vTaskReadSensor(void *pvParameters) {
^
static 
main.c(163): warning: function 'vTaskReadSensor' could be declared with attribute 'noreturn' [-Wmissing-noreturn]
void vTaskReadSensor(void *pvParameters) {
                                         ^
main.c(196): warning: padding struct 'struct (anonymous at main.c:194:5)' with 2 bytes to align 'lpc_coefficients' [-Wpadded]
        float lpc_coefficients[LPC_ORDER];
              ^
main.c(205): warning: implicit conversion increases floating-point precision: 'float' to 'double' [-Wdouble-promotion]
                snprintf(buffer, sizeof(buffer), "LPC[%d]: %.6f\n", i, received_data.lpc_coefficients[i]);
                ~~~~~~~~                                               ^~~~~~~~~~~~~~~~~~~~~~~~~~~~~~~~~
main.c(192): warning: unused parameter 'pvParameters' [-Wunused-parameter]
void vTaskSendUART(void *pvParameters) {
                         ^
main.c(192): warning: no previous prototype for function 'vTaskSendUART' [-Wmissing-prototypes]
void vTaskSendUART(void *pvParameters) {
     ^
main.c(192): note: declare 'static' if the function is not intended to be used outside of this translation unit
void vTaskSendUART(void *pvParameters) {
^
static 
main.c(192): warning: function 'vTaskSendUART' could be declared with attribute 'noreturn' [-Wmissing-noreturn]
void vTaskSendUART(void *pvParameters) {
                                       ^
main.c(212): warning: unused parameter 'pvParameters' [-Wunused-parameter]
void vTaskReconstructADC(void *pvParameters) {
                               ^
main.c(212): warning: no previous prototype for function 'vTaskReconstructADC' [-Wmissing-prototypes]
void vTaskReconstructADC(void *pvParameters) {
     ^
main.c(212): note: declare 'static' if the function is not intended to be used outside of this translation unit
void vTaskReconstructADC(void *pvParameters) {
^
static 
main.c(212): warning: function 'vTaskReconstructADC' could be declared with attribute 'noreturn' [-Wmissing-noreturn]
void vTaskReconstructADC(void *pvParameters) {
                                             ^
main.c(215): warning: padding struct 'struct (anonymous at main.c:213:5)' with 2 bytes to align 'lpc_coefficients' [-Wpadded]
        float lpc_coefficients[LPC_ORDER];
              ^
main.c(245): warning: no newline at end of file [-Wnewline-eof]
}
 ^
main.c(17): warning: no previous extern declaration for non-static variable 'adc_buffer' [-Wmissing-variable-declarations]
volatile uint8_t adc_buffer[ADC_BUF_SIZE];
                 ^
main.c(17): note: declare 'static' if the variable is not intended to be used outside of this translation unit
volatile uint8_t adc_buffer[ADC_BUF_SIZE];
         ^
main.c(20): warning: no previous extern declaration for non-static variable 'queue' [-Wmissing-variable-declarations]
QueueHandle_t queue;
              ^
main.c(20): note: declare 'static' if the variable is not intended to be used outside of this translation unit
QueueHandle_t queue;
^
33 warnings generated.
compiling main.c...
linking...
Program Size: Code=18876 RO-data=468 RW-data=8 ZI-data=13832  
".\Objects\lpc_stm32.axf" - 0 Error(s), 33 Warning(s).

<h2>Software Packages used:</h2>

Package Vendor: ARM
                http://www.keil.com/pack/ARM.CMSIS.5.8.0.pack
                ARM.CMSIS.5.8.0
                CMSIS (Common Microcontroller Software Interface Standard)
   * Component: RTOS Version: 1.0.0
   * Component: RTOS2 Version: 2.1.3
   * Component: CORE Version: 5.5.0
   * Component: NN Lib Version: 3.0.0

Package Vendor: ARM
                https://www.keil.com/pack/ARM.CMSIS-DSP.1.15.0.pack
                ARM.CMSIS-DSP.1.15.0
                CMSIS Embedded Compute Library
   * Component: DSP Variant: Source Version: 1.15.0

Package Vendor: ARM
                http://www.keil.com/pack/ARM.CMSIS-FreeRTOS.10.4.6.pack
                ARM.CMSIS-FreeRTOS.10.4.6
                Bundle of FreeRTOS for Cortex-M and Cortex-A
   * Component: Config Variant: CMSIS RTOS2 Version: 10.4.6
   * Component: Core Variant: Cortex-M Version: 10.4.6
   * Component: Coroutines Version: 10.4.6
   * Component: Event Groups Version: 10.4.6
   * Component: Heap Variant: Heap_4 Version: 10.4.6
   * Component: Message Buffer Version: 10.4.6
   * Component: Stream Buffer Version: 10.4.6
   * Component: Timers Version: 10.4.6
   * Component: FreeRTOS Version: 10.4.6
   * Component: FreeRTOS Variant: Cortex-M Version: 10.4.6

Package Vendor: Keil
                http://www.keil.com/pack/Keil.STM32F1xx_DFP.2.4.0.pack
                Keil.STM32F1xx_DFP.2.4.0
                STMicroelectronics STM32F1 Series Device Support, Drivers and Examples
   * Component: DMA Version: 1.3
   * Component: GPIO Version: 1.3
   * Component: Startup Version: 1.0.0
   * Component: ADC Version: 3.6.0
   * Component: DMA Version: 3.6.0
   * Component: EXTI Version: 3.6.0
   * Component: Flash Version: 3.6.0
   * Component: Framework Version: 3.6.0
   * Component: GPIO Version: 3.6.0
   * Component: IWDG Version: 3.6.0
   * Component: PWR Version: 3.6.0
   * Component: RCC Version: 3.6.0
   * Component: RTC Version: 3.6.0
   * Component: SPI Version: 3.6.0
   * Component: TIM Version: 3.6.0
   * Component: USART Version: 3.6.0

<h2>Collection of Component include folders:</h2>
  .\RTE\Device\STM32F103C8
  .\RTE\RTOS
  .\RTE\_Target_1
  C:\Users\phant\AppData\Local\Arm\Packs\ARM\CMSIS-DSP\1.15.0\Include
  C:\Users\phant\AppData\Local\Arm\Packs\ARM\CMSIS-DSP\1.15.0\PrivateInclude
  C:\Users\phant\AppData\Local\Arm\Packs\ARM\CMSIS-FreeRTOS\10.4.6\CMSIS\RTOS2\FreeRTOS\Include
  C:\Users\phant\AppData\Local\Arm\Packs\ARM\CMSIS-FreeRTOS\10.4.6\CMSIS\RTOS2\FreeRTOS\Include1
  C:\Users\phant\AppData\Local\Arm\Packs\ARM\CMSIS-FreeRTOS\10.4.6\Source\include
  C:\Users\phant\AppData\Local\Arm\Packs\ARM\CMSIS-FreeRTOS\10.4.6\Source\portable\GCC\ARM_CM3
  C:\Users\phant\AppData\Local\Arm\Packs\ARM\CMSIS\5.8.0\CMSIS\Core\Include
  C:\Users\phant\AppData\Local\Arm\Packs\ARM\CMSIS\5.8.0\CMSIS\NN\Include
  C:\Users\phant\AppData\Local\Arm\Packs\ARM\CMSIS\5.8.0\CMSIS\RTOS2\Include
  C:\Users\phant\AppData\Local\Arm\Packs\Keil\STM32F1xx_DFP\2.4.0\Device\Include
  C:\Users\phant\AppData\Local\Arm\Packs\Keil\STM32F1xx_DFP\2.4.0\Device\StdPeriph_Driver\inc
  C:\Users\phant\AppData\Local\Arm\Packs\Keil\STM32F1xx_DFP\2.4.0\RTE_Driver

<h2>Collection of Component Files used:</h2>

   * Component: ::CMSIS:RTOS:1.0.0 (API)

   * Component: ::CMSIS:RTOS2:2.1.3 (API)
      Include file:  CMSIS\RTOS2\Include\cmsis_os2.h

   * Component: ARM.FreeRTOS::RTOS:Config:CMSIS RTOS2:10.4.6
      Include file:  CMSIS\RTOS2\FreeRTOS\Config\ARMCM\FreeRTOSConfig.h

   * Component: ARM.FreeRTOS::RTOS:Core:Cortex-M:10.4.6
      Include file:  Source\include\semphr.h
      Source file:   Source\tasks.c
      Include file:  Source\include\queue.h
      Include file:  Source\include\FreeRTOS.h
      Source file:   Source\portable\GCC\ARM_CM3\port.c
      Source file:   Source\queue.c
      Include file:  Source\include\task.h
      Source file:   Source\list.c
      Source file:   CMSIS\RTOS2\FreeRTOS\Source\freertos_evr.c

   * Component: ARM.FreeRTOS::RTOS:Coroutines:10.4.6
      Include file:  Source\include\croutine.h
      Source file:   Source\croutine.c

   * Component: ARM.FreeRTOS::RTOS:Event Groups:10.4.6
      Include file:  Source\include\event_groups.h
      Source file:   Source\event_groups.c

   * Component: ARM.FreeRTOS::RTOS:Heap:Heap_4:10.4.6
      Source file:   Source\portable\MemMang\heap_4.c

   * Component: ARM.FreeRTOS::RTOS:Message Buffer:10.4.6
      Source file:   Source\stream_buffer.c
      Include file:  Source\include\message_buffer.h

   * Component: ARM.FreeRTOS::RTOS:Stream Buffer:10.4.6
      Include file:  Source\include\stream_buffer.h
      Source file:   Source\stream_buffer.c

   * Component: ARM.FreeRTOS::RTOS:Timers:10.4.6
      Source file:   Source\timers.c
      Include file:  Source\include\timers.h

   * Component: ARM::CMSIS:CORE:5.5.0

   * Component: ARM::CMSIS:DSP:Source:1.15.0
      Include file:  Include\arm_math.h
      Include file:  Include\arm_math_f16.h
      Source file:   Source\TransformFunctions\TransformFunctionsF16.c
      Source file:   Source\MatrixFunctions\MatrixFunctionsF16.c
      Source file:   Source\DistanceFunctions\DistanceFunctions.c
      Source file:   Source\SupportFunctions\SupportFunctions.c
      Source file:   Source\InterpolationFunctions\InterpolationFunctionsF16.c
      Source file:   Source\SupportFunctions\SupportFunctionsF16.c
      Source file:   Source\FastMathFunctions\FastMathFunctionsF16.c
      Source file:   Source\DistanceFunctions\DistanceFunctionsF16.c
      Source file:   Source\ControllerFunctions\ControllerFunctions.c
      Source file:   Source\FilteringFunctions\FilteringFunctions.c
      Include file:  Include\arm_const_structs.h
      Source file:   Source\BasicMathFunctions\BasicMathFunctions.c
      Source file:   Source\BayesFunctions\BayesFunctions.c
      Source file:   Source\CommonTables\CommonTables.c
      Source file:   Source\FastMathFunctions\FastMathFunctions.c
      Source file:   Source\SVMFunctions\SVMFunctions.c
      Source file:   Source\BasicMathFunctions\BasicMathFunctionsF16.c
      Source file:   Source\StatisticsFunctions\StatisticsFunctionsF16.c
      Source file:   Source\QuaternionMathFunctions\QuaternionMathFunctions.c
      Source file:   Source\InterpolationFunctions\InterpolationFunctions.c
      Include file:  Include\arm_common_tables.h
      Source file:   Source\StatisticsFunctions\StatisticsFunctions.c
      Include file:  Include\arm_const_structs_f16.h
      Source file:   Source\MatrixFunctions\MatrixFunctions.c
      Source file:   Source\ComplexMathFunctions\ComplexMathFunctionsF16.c
      Include file:  Include\arm_common_tables_f16.h
      Source file:   Source\ComplexMathFunctions\ComplexMathFunctions.c
      Source file:   Source\TransformFunctions\TransformFunctions.c
      Source file:   Source\FilteringFunctions\FilteringFunctionsF16.c
      Source file:   Source\CommonTables\CommonTablesF16.c
      Source file:   Source\SVMFunctions\SVMFunctionsF16.c
      Source file:   Source\BayesFunctions\BayesFunctionsF16.c

   * Component: ARM::CMSIS:NN Lib:3.0.0
      Source file:   CMSIS\NN\Source\ConvolutionFunctions\arm_nn_depthwise_conv_s8_core.c
      Source file:   CMSIS\NN\Source\PoolingFunctions\arm_max_pool_s8.c
      Source file:   CMSIS\NN\Source\PoolingFunctions\arm_pool_q7_HWC.c
      Source file:   CMSIS\NN\Source\BasicMathFunctions\arm_elementwise_mul_s8.c
      Source file:   CMSIS\NN\Source\ActivationFunctions\arm_nn_activations_q15.c
      Source file:   CMSIS\NN\Source\ConvolutionFunctions\arm_nn_mat_mult_kernel_q7_q15_reordered.c
      Source file:   CMSIS\NN\Source\ConvolutionFunctions\arm_depthwise_separable_conv_HWC_q7_nonsquare.c
      Source file:   CMSIS\NN\Source\ConcatenationFunctions\arm_concatenation_s8_x.c
      Source file:   CMSIS\NN\Source\ConcatenationFunctions\arm_concatenation_s8_z.c
      Source file:   CMSIS\NN\Source\PoolingFunctions\arm_avgpool_s8.c
      Source file:   CMSIS\NN\Source\ActivationFunctions\arm_relu_q15.c
      Source file:   CMSIS\NN\Source\ActivationFunctions\arm_relu_q7.c
      Source file:   CMSIS\NN\Source\ConvolutionFunctions\arm_convolve_s8.c
      Source file:   CMSIS\NN\Source\ConvolutionFunctions\arm_convolve_HWC_q7_basic_nonsquare.c
      Source file:   CMSIS\NN\Source\ConvolutionFunctions\arm_convolve_1x1_HWC_q7_fast_nonsquare.c
      Source file:   CMSIS\NN\Source\ConcatenationFunctions\arm_concatenation_s8_w.c
      Source file:   CMSIS\NN\Source\ConvolutionFunctions\arm_nn_mat_mult_s8.c
      Source file:   CMSIS\NN\Source\ConvolutionFunctions\arm_convolve_HWC_q15_fast_nonsquare.c
      Source file:   CMSIS\NN\Source\ConvolutionFunctions\arm_convolve_HWC_q15_basic.c
      Source file:   CMSIS\NN\Source\ConvolutionFunctions\arm_convolve_HWC_q15_fast.c
      Source file:   CMSIS\NN\Source\ConcatenationFunctions\arm_concatenation_s8_y.c
      Source file:   CMSIS\NN\Source\SVDFunctions\arm_svdf_s8.c
      Source file:   CMSIS\NN\Source\ConvolutionFunctions\arm_convolve_wrapper_s8.c
      Source file:   CMSIS\NN\Source\ConvolutionFunctions\arm_depthwise_conv_wrapper_s8.c
      Source file:   CMSIS\NN\Source\BasicMathFunctions\arm_elementwise_add_s8.c
      Source file:   CMSIS\NN\Source\ActivationFunctions\arm_relu6_s8.c
      Source file:   CMSIS\NN\Source\ConvolutionFunctions\arm_depthwise_conv_s8.c
      Source file:   CMSIS\NN\Source\ConvolutionFunctions\arm_depthwise_conv_3x3_s8.c
      Source file:   CMSIS\NN\Source\ConvolutionFunctions\arm_convolve_HWC_q7_basic.c
      Source file:   CMSIS\NN\Source\ConvolutionFunctions\arm_nn_mat_mult_kernel_q7_q15.c
      Source file:   CMSIS\NN\Source\ConvolutionFunctions\arm_convolve_1x1_s8_fast.c
      Source file:   CMSIS\NN\Source\ConvolutionFunctions\arm_depthwise_conv_s8_opt.c
      Source file:   CMSIS\NN\Source\NNSupportFunctions\arm_nn_depthwise_conv_nt_t_padded_s8.c
      Source file:   CMSIS\NN\Source\NNSupportFunctions\arm_q7_to_q15_no_shift.c
      Source file:   CMSIS\NN\Source\FullyConnectedFunctions\arm_fully_connected_mat_q7_vec_q15_opt.c
      Source file:   CMSIS\NN\Source\NNSupportFunctions\arm_nn_mult_q7.c
      Source file:   CMSIS\NN\Source\NNSupportFunctions\arm_nn_mat_mul_core_4x_s8.c
      Source file:   CMSIS\NN\Source\NNSupportFunctions\arm_nn_mat_mult_nt_t_s8.c
      Source file:   CMSIS\NN\Source\NNSupportFunctions\arm_nn_depthwise_conv_nt_t_s8.c
      Source file:   CMSIS\NN\Source\SoftmaxFunctions\arm_softmax_q7.c
      Source file:   CMSIS\NN\Source\NNSupportFunctions\arm_q7_to_q15_with_offset.c
      Source file:   CMSIS\NN\Source\SoftmaxFunctions\arm_softmax_with_batch_q7.c
      Source file:   CMSIS\NN\Source\NNSupportFunctions\arm_nn_accumulate_q7_to_q15.c
      Source file:   CMSIS\NN\Source\ActivationFunctions\arm_nn_activations_q7.c
      Source file:   CMSIS\NN\Source\ReshapeFunctions\arm_reshape_s8.c
      Source file:   CMSIS\NN\Source\NNSupportFunctions\arm_q7_to_q15_reordered_no_shift.c
      Source file:   CMSIS\NN\Source\NNSupportFunctions\arm_nn_vec_mat_mult_t_s8.c
      Source file:   CMSIS\NN\Source\NNSupportFunctions\arm_q7_to_q15_reordered_with_offset.c
      Source file:   CMSIS\NN\Source\NNSupportFunctions\arm_nn_mult_q15.c
      Source file:   CMSIS\NN\Source\FullyConnectedFunctions\arm_fully_connected_q7.c
      Source file:   CMSIS\NN\Source\NNSupportFunctions\arm_nn_add_q7.c
      Source file:   CMSIS\NN\Source\FullyConnectedFunctions\arm_fully_connected_q7_opt.c
      Source file:   CMSIS\NN\Source\FullyConnectedFunctions\arm_fully_connected_s8.c
      Source file:   CMSIS\NN\Source\NNSupportFunctions\arm_nntables.c
      Source file:   CMSIS\NN\Source\FullyConnectedFunctions\arm_fully_connected_q15_opt.c
      Source file:   CMSIS\NN\Source\FullyConnectedFunctions\arm_fully_connected_q15.c
      Source file:   CMSIS\NN\Source\FullyConnectedFunctions\arm_fully_connected_mat_q7_vec_q15.c
      Source file:   CMSIS\NN\Source\NNSupportFunctions\arm_nn_vec_mat_mult_t_svdf_s8.c
      Source file:   CMSIS\NN\Source\NNSupportFunctions\arm_nn_mat_mul_core_1x_s8.c
      Source file:   CMSIS\NN\Source\SoftmaxFunctions\arm_softmax_q15.c
      Source file:   CMSIS\NN\Source\SoftmaxFunctions\arm_softmax_s8.c
      Source file:   CMSIS\NN\Source\SoftmaxFunctions\arm_softmax_u8.c
      Source file:   CMSIS\NN\Source\ConvolutionFunctions\arm_depthwise_conv_u8_basic_ver1.c
      Source file:   CMSIS\NN\Source\ConvolutionFunctions\arm_nn_mat_mult_kernel_s8_s16_reordered.c
      Source file:   CMSIS\NN\Source\ConvolutionFunctions\arm_convolve_HWC_q7_fast_nonsquare.c
      Include file:  CMSIS\NN\Include\arm_nn_types.h
      Source file:   CMSIS\NN\Source\ConvolutionFunctions\arm_nn_mat_mult_kernel_s8_s16.c
      Source file:   CMSIS\NN\Source\ConvolutionFunctions\arm_depthwise_separable_conv_HWC_q7.c
      Source file:   CMSIS\NN\Source\ConvolutionFunctions\arm_convolve_HWC_q7_RGB.c
      Include file:  CMSIS\NN\Include\arm_nn_tables.h
      Include file:  CMSIS\NN\Include\arm_nnfunctions.h
      Include file:  CMSIS\NN\Include\arm_nnsupportfunctions.h
      Source file:   CMSIS\NN\Source\ConvolutionFunctions\arm_convolve_HWC_q7_fast.c
      Source file:   CMSIS\NN\Source\ConvolutionFunctions\arm_convolve_1_x_n_s8.c

   * Component: ARM::CMSIS:RTOS:FreeRTOS:10.4.6
      Include file:  CMSIS\RTOS2\FreeRTOS\Include1\cmsis_os.h
      Source file:   CMSIS\RTOS2\FreeRTOS\Source\cmsis_os1.c

   * Component: ARM::CMSIS:RTOS2:FreeRTOS:Cortex-M:10.4.6
      Source file:   CMSIS\RTOS2\FreeRTOS\Source\os_systick.c
      Source file:   CMSIS\RTOS2\FreeRTOS\Source\ARM\clib_arm.c
      Source file:   CMSIS\RTOS2\FreeRTOS\Source\cmsis_os2.c
      Include file:  CMSIS\RTOS2\FreeRTOS\Include\freertos_mpool.h

   * Component: Keil::Device:DMA:1.3
      Include file:  RTE_Driver\DMA_STM32F10x.h
      Source file:   RTE_Driver\DMA_STM32F10x.c

   * Component: Keil::Device:GPIO:1.3
      Source file:   RTE_Driver\GPIO_STM32F10x.c
      Include file:  RTE_Driver\GPIO_STM32F10x.h

   * Component: Keil::Device:Startup:1.0.0
      Source file:   Device\Source\system_stm32f10x.c
      Source file:   Device\Source\ARM\STM32F1xx_OPT.s
      Include file:  RTE_Driver\Config\RTE_Device.h
      Source file:   Device\Source\ARM\startup_stm32f10x_md.s

   * Component: Keil::Device:StdPeriph Drivers:ADC:3.6.0
      Source file:   Device\StdPeriph_Driver\src\stm32f10x_adc.c
      Include file:  Device\StdPeriph_Driver\inc\stm32f10x_adc.h

   * Component: Keil::Device:StdPeriph Drivers:DMA:3.6.0
      Include file:  Device\StdPeriph_Driver\inc\stm32f10x_dma.h
      Source file:   Device\StdPeriph_Driver\src\stm32f10x_dma.c

   * Component: Keil::Device:StdPeriph Drivers:EXTI:3.6.0
      Include file:  Device\StdPeriph_Driver\inc\stm32f10x_exti.h
      Source file:   Device\StdPeriph_Driver\src\stm32f10x_exti.c

   * Component: Keil::Device:StdPeriph Drivers:Flash:3.6.0
      Include file:  Device\StdPeriph_Driver\inc\stm32f10x_flash.h
      Source file:   Device\StdPeriph_Driver\src\stm32f10x_flash.c

   * Component: Keil::Device:StdPeriph Drivers:Framework:3.6.0
      Include file:  Device\StdPeriph_Driver\inc\misc.h
      Source file:   Device\StdPeriph_Driver\src\misc.c
      Source file:   Device\StdPeriph_Driver\templates\stm32f10x_conf.h
      Include file:  Device\StdPeriph_Driver\templates\stm32f10x_it.h
      Source file:   Device\StdPeriph_Driver\templates\stm32f10x_it.c

   * Component: Keil::Device:StdPeriph Drivers:GPIO:3.6.0
      Include file:  Device\StdPeriph_Driver\inc\stm32f10x_gpio.h
      Source file:   Device\StdPeriph_Driver\src\stm32f10x_gpio.c

   * Component: Keil::Device:StdPeriph Drivers:IWDG:3.6.0
      Source file:   Device\StdPeriph_Driver\src\stm32f10x_iwdg.c
      Include file:  Device\StdPeriph_Driver\inc\stm32f10x_iwdg.h

   * Component: Keil::Device:StdPeriph Drivers:PWR:3.6.0
      Include file:  Device\StdPeriph_Driver\inc\stm32f10x_pwr.h
      Source file:   Device\StdPeriph_Driver\src\stm32f10x_pwr.c

   * Component: Keil::Device:StdPeriph Drivers:RCC:3.6.0
      Include file:  Device\StdPeriph_Driver\inc\stm32f10x_rcc.h
      Source file:   Device\StdPeriph_Driver\src\stm32f10x_rcc.c

   * Component: Keil::Device:StdPeriph Drivers:RTC:3.6.0
      Source file:   Device\StdPeriph_Driver\src\stm32f10x_rtc.c
      Include file:  Device\StdPeriph_Driver\inc\stm32f10x_rtc.h

   * Component: Keil::Device:StdPeriph Drivers:SPI:3.6.0
      Include file:  Device\StdPeriph_Driver\inc\stm32f10x_spi.h
      Source file:   Device\StdPeriph_Driver\src\stm32f10x_spi.c

   * Component: Keil::Device:StdPeriph Drivers:TIM:3.6.0
      Include file:  Device\StdPeriph_Driver\inc\stm32f10x_tim.h
      Source file:   Device\StdPeriph_Driver\src\stm32f10x_tim.c

   * Component: Keil::Device:StdPeriph Drivers:USART:3.6.0
      Include file:  Device\StdPeriph_Driver\inc\stm32f10x_usart.h
      Source file:   Device\StdPeriph_Driver\src\stm32f10x_usart.c
Build Time Elapsed:  00:00:02
</pre>
</body>
</html>
