Component: ARM Compiler 6.14 Tool: armlink [5db06800]

==============================================================================

Section Cross References

    main.o(.text) refers (Special) to _printf_d.o(.ARM.Collect$$_printf_percent$$00000009) for _printf_d
    main.o(.text) refers (Special) to _printf_f.o(.ARM.Collect$$_printf_percent$$00000003) for _printf_f
    main.o(.text) refers (Special) to printf1.o(x$fpl$printf1) for _printf_fp_dec
    main.o(.text) refers (Special) to _printf_dec.o(.text) for _printf_int_dec
    main.o(.text) refers (Special) to _printf_percent.o(.ARM.Collect$$_printf_percent$$00000000) for _printf_percent
    main.o(.text.tim4_ini) refers (Special) to _printf_d.o(.ARM.Collect$$_printf_percent$$00000009) for _printf_d
    main.o(.text.tim4_ini) refers (Special) to _printf_f.o(.ARM.Collect$$_printf_percent$$00000003) for _printf_f
    main.o(.text.tim4_ini) refers (Special) to printf1.o(x$fpl$printf1) for _printf_fp_dec
    main.o(.text.tim4_ini) refers (Special) to _printf_dec.o(.text) for _printf_int_dec
    main.o(.text.tim4_ini) refers (Special) to _printf_percent.o(.ARM.Collect$$_printf_percent$$00000000) for _printf_percent
    main.o(.text.tim4_ini) refers to stm32f10x_rcc.o(.text.RCC_APB1PeriphClockCmd) for RCC_APB1PeriphClockCmd
    main.o(.text.tim4_ini) refers to stm32f10x_tim.o(.text.TIM_TimeBaseStructInit) for TIM_TimeBaseStructInit
    main.o(.text.tim4_ini) refers to stm32f10x_tim.o(.text.TIM_TimeBaseInit) for TIM_TimeBaseInit
    main.o(.text.tim4_ini) refers to stm32f10x_tim.o(.text.TIM_SelectOutputTrigger) for TIM_SelectOutputTrigger
    main.o(.text.tim4_ini) refers to stm32f10x_tim.o(.text.TIM_Cmd) for TIM_Cmd
    main.o(.text.tim4_ini) refers to stm32f10x_tim.o(.text.TIM_ARRPreloadConfig) for TIM_ARRPreloadConfig
    main.o(.ARM.exidx.text.tim4_ini) refers (Special) to _printf_d.o(.ARM.Collect$$_printf_percent$$00000009) for _printf_d
    main.o(.ARM.exidx.text.tim4_ini) refers (Special) to _printf_f.o(.ARM.Collect$$_printf_percent$$00000003) for _printf_f
    main.o(.ARM.exidx.text.tim4_ini) refers (Special) to printf1.o(x$fpl$printf1) for _printf_fp_dec
    main.o(.ARM.exidx.text.tim4_ini) refers (Special) to _printf_dec.o(.text) for _printf_int_dec
    main.o(.ARM.exidx.text.tim4_ini) refers (Special) to _printf_percent.o(.ARM.Collect$$_printf_percent$$00000000) for _printf_percent
    main.o(.ARM.exidx.text.tim4_ini) refers to main.o(.text.tim4_ini) for [Anonymous Symbol]
    main.o(.text.adc_ini) refers (Special) to _printf_d.o(.ARM.Collect$$_printf_percent$$00000009) for _printf_d
    main.o(.text.adc_ini) refers (Special) to _printf_f.o(.ARM.Collect$$_printf_percent$$00000003) for _printf_f
    main.o(.text.adc_ini) refers (Special) to printf1.o(x$fpl$printf1) for _printf_fp_dec
    main.o(.text.adc_ini) refers (Special) to _printf_dec.o(.text) for _printf_int_dec
    main.o(.text.adc_ini) refers (Special) to _printf_percent.o(.ARM.Collect$$_printf_percent$$00000000) for _printf_percent
    main.o(.text.adc_ini) refers to stm32f10x_rcc.o(.text.RCC_APB2PeriphClockCmd) for RCC_APB2PeriphClockCmd
    main.o(.text.adc_ini) refers to stm32f10x_gpio.o(.text.GPIO_Init) for GPIO_Init
    main.o(.text.adc_ini) refers to misc.o(.text.NVIC_Init) for NVIC_Init
    main.o(.text.adc_ini) refers to stm32f10x_rcc.o(.text.RCC_ADCCLKConfig) for RCC_ADCCLKConfig
    main.o(.text.adc_ini) refers to stm32f10x_adc.o(.text.ADC_Init) for ADC_Init
    main.o(.text.adc_ini) refers to stm32f10x_adc.o(.text.ADC_InjectedSequencerLengthConfig) for ADC_InjectedSequencerLengthConfig
    main.o(.text.adc_ini) refers to stm32f10x_adc.o(.text.ADC_InjectedChannelConfig) for ADC_InjectedChannelConfig
    main.o(.text.adc_ini) refers to stm32f10x_adc.o(.text.ADC_ExternalTrigInjectedConvConfig) for ADC_ExternalTrigInjectedConvConfig
    main.o(.text.adc_ini) refers to stm32f10x_adc.o(.text.ADC_SetInjectedOffset) for ADC_SetInjectedOffset
    main.o(.text.adc_ini) refers to stm32f10x_adc.o(.text.ADC_Cmd) for ADC_Cmd
    main.o(.text.adc_ini) refers to stm32f10x_adc.o(.text.ADC_ResetCalibration) for ADC_ResetCalibration
    main.o(.text.adc_ini) refers to stm32f10x_adc.o(.text.ADC_GetResetCalibrationStatus) for ADC_GetResetCalibrationStatus
    main.o(.text.adc_ini) refers to stm32f10x_adc.o(.text.ADC_StartCalibration) for ADC_StartCalibration
    main.o(.text.adc_ini) refers to stm32f10x_adc.o(.text.ADC_GetCalibrationStatus) for ADC_GetCalibrationStatus
    main.o(.text.adc_ini) refers to stm32f10x_adc.o(.text.ADC_ITConfig) for ADC_ITConfig
    main.o(.text.adc_ini) refers to stm32f10x_adc.o(.text.ADC_ExternalTrigInjectedConvCmd) for ADC_ExternalTrigInjectedConvCmd
    main.o(.ARM.exidx.text.adc_ini) refers (Special) to _printf_d.o(.ARM.Collect$$_printf_percent$$00000009) for _printf_d
    main.o(.ARM.exidx.text.adc_ini) refers (Special) to _printf_f.o(.ARM.Collect$$_printf_percent$$00000003) for _printf_f
[...]
    pxCurrentTimerList                       0x200006bc   Data           4  timers.o(.bss.pxCurrentTimerList)
    [Anonymous Symbol]                       0x200006bc   Section        0  timers.o(.bss.pxCurrentTimerList)
    pxDelayedTaskList                        0x200006c0   Data           4  tasks.o(.bss.pxDelayedTaskList)
    [Anonymous Symbol]                       0x200006c0   Section        0  tasks.o(.bss.pxDelayedTaskList)
    pxEnd                                    0x200006c4   Data           4  heap_4.o(.bss.pxEnd)
    [Anonymous Symbol]                       0x200006c4   Section        0  heap_4.o(.bss.pxEnd)
    pxOverflowDelayedTaskList                0x200006c8   Data           4  tasks.o(.bss.pxOverflowDelayedTaskList)
    [Anonymous Symbol]                       0x200006c8   Section        0  tasks.o(.bss.pxOverflowDelayedTaskList)
    pxOverflowTimerList                      0x200006cc   Data           4  timers.o(.bss.pxOverflowTimerList)
    [Anonymous Symbol]                       0x200006cc   Section        0  timers.o(.bss.pxOverflowTimerList)
    pxReadyTasksLists                        0x200006d0   Data        1120  tasks.o(.bss.pxReadyTasksLists)
    [Anonymous Symbol]                       0x200006d0   Section        0  tasks.o(.bss.pxReadyTasksLists)
    ucHeap                                   0x20000b34   Data        8192  heap_4.o(.bss.ucHeap)
    [Anonymous Symbol]                       0x20000b34   Section        0  heap_4.o(.bss.ucHeap)
    uxCurrentNumberOfTasks                   0x20002b34   Data           4  tasks.o(.bss.uxCurrentNumberOfTasks)
    [Anonymous Symbol]                       0x20002b34   Section        0  tasks.o(.bss.uxCurrentNumberOfTasks)
    uxDeletedTasksWaitingCleanUp             0x20002b38   Data           4  tasks.o(.bss.uxDeletedTasksWaitingCleanUp)
    [Anonymous Symbol]                       0x20002b38   Section        0  tasks.o(.bss.uxDeletedTasksWaitingCleanUp)
    uxSchedulerSuspended                     0x20002b3c   Data           4  tasks.o(.bss.uxSchedulerSuspended)
    [Anonymous Symbol]                       0x20002b3c   Section        0  tasks.o(.bss.uxSchedulerSuspended)
    uxTaskNumber                             0x20002b40   Data           4  tasks.o(.bss.uxTaskNumber)
    [Anonymous Symbol]                       0x20002b40   Section        0  tasks.o(.bss.uxTaskNumber)
    uxTopReadyPriority                       0x20002b44   Data           4  tasks.o(.bss.uxTopReadyPriority)
    [Anonymous Symbol]                       0x20002b44   Section        0  tasks.o(.bss.uxTopReadyPriority)
    vApplicationGetIdleTaskMemory.Idle_Stack 0x20002b48   Data         512  cmsis_os2.o(.bss.vApplicationGetIdleTaskMemory.Idle_Stack)
    [Anonymous Symbol]                       0x20002b48   Section        0  cmsis_os2.o(.bss.vApplicationGetIdleTaskMemory.Idle_Stack)
    vApplicationGetIdleTaskMemory.Idle_TCB   0x20002d48   Data          92  cmsis_os2.o(.bss.vApplicationGetIdleTaskMemory.Idle_TCB)
    [Anonymous Symbol]                       0x20002d48   Section        0  cmsis_os2.o(.bss.vApplicationGetIdleTaskMemory.Idle_TCB)
    vApplicationGetTimerTaskMemory.Timer_Stack 0x20002da4   Data         320  cmsis_os2.o(.bss.vApplicationGetTimerTaskMemory.Timer_Stack)
    [Anonymous Symbol]                       0x20002da4   Section        0  cmsis_os2.o(.bss.vApplicationGetTimerTaskMemory.Timer_Stack)
    vApplicationGetTimerTaskMemory.Timer_TCB 0x20002ee4   Data          92  cmsis_os2.o(.bss.vApplicationGetTimerTaskMemory.Timer_TCB)
    [Anonymous Symbol]                       0x20002ee4   Section        0  cmsis_os2.o(.bss.vApplicationGetTimerTaskMemory.Timer_TCB)
    xActiveTimerList1                        0x20002f40   Data          20  timers.o(.bss.xActiveTimerList1)
    [Anonymous Symbol]                       0x20002f40   Section        0  timers.o(.bss.xActiveTimerList1)
    xActiveTimerList2                        0x20002f54   Data          20  timers.o(.bss.xActiveTimerList2)
    [Anonymous Symbol]                       0x20002f54   Section        0  timers.o(.bss.xActiveTimerList2)
    xBlockAllocatedBit                       0x20002f68   Data           1  heap_4.o(.bss.xBlockAllocatedBit)
    [Anonymous Symbol]                       0x20002f68   Section        0  heap_4.o(.bss.xBlockAllocatedBit)
    xDelayedTaskList1                        0x20002f6c   Data          20  tasks.o(.bss.xDelayedTaskList1)
    [Anonymous Symbol]                       0x20002f6c   Section        0  tasks.o(.bss.xDelayedTaskList1)
    xDelayedTaskList2                        0x20002f80   Data          20  tasks.o(.bss.xDelayedTaskList2)
    [Anonymous Symbol]                       0x20002f80   Section        0  tasks.o(.bss.xDelayedTaskList2)
    xFreeBytesRemaining                      0x20002f94   Data           4  heap_4.o(.bss.xFreeBytesRemaining)
    [Anonymous Symbol]                       0x20002f94   Section        0  heap_4.o(.bss.xFreeBytesRemaining)
    xIdleTaskHandle                          0x20002f98   Data           4  tasks.o(.bss.xIdleTaskHandle)
    [Anonymous Symbol]                       0x20002f98   Section        0  tasks.o(.bss.xIdleTaskHandle)
    xMinimumEverFreeBytesRemaining           0x20002f9c   Data           4  heap_4.o(.bss.xMinimumEverFreeBytesRemaining)
    [Anonymous Symbol]                       0x20002f9c   Section        0  heap_4.o(.bss.xMinimumEverFreeBytesRemaining)
    xNextTaskUnblockTime                     0x20002fa0   Data           4  tasks.o(.bss.xNextTaskUnblockTime)
    [Anonymous Symbol]                       0x20002fa0   Section        0  tasks.o(.bss.xNextTaskUnblockTime)
    xNumOfOverflows                          0x20002fa4   Data           4  tasks.o(.bss.xNumOfOverflows)
    [Anonymous Symbol]                       0x20002fa4   Section        0  tasks.o(.bss.xNumOfOverflows)
    xNumberOfSuccessfulAllocations           0x20002fa8   Data           4  heap_4.o(.bss.xNumberOfSuccessfulAllocations)
    [Anonymous Symbol]                       0x20002fa8   Section        0  heap_4.o(.bss.xNumberOfSuccessfulAllocations)
    xNumberOfSuccessfulFrees                 0x20002fac   Data           4  heap_4.o(.bss.xNumberOfSuccessfulFrees)
    [Anonymous Symbol]                       0x20002fac   Section        0  heap_4.o(.bss.xNumberOfSuccessfulFrees)
    xPendedTicks                             0x20002fb0   Data           4  tasks.o(.bss.xPendedTicks)
    [Anonymous Symbol]                       0x20002fb0   Section        0  tasks.o(.bss.xPendedTicks)
    xPendingReadyList                        0x20002fb4   Data          20  tasks.o(.bss.xPendingReadyList)
    [Anonymous Symbol]                       0x20002fb4   Section        0  tasks.o(.bss.xPendingReadyList)
    xSchedulerRunning                        0x20002fc8   Data           4  tasks.o(.bss.xSchedulerRunning)
    [Anonymous Symbol]                       0x20002fc8   Section        0  tasks.o(.bss.xSchedulerRunning)
    xStart                                   0x20002fcc   Data           8  heap_4.o(.bss.xStart)
    [Anonymous Symbol]                       0x20002fcc   Section        0  heap_4.o(.bss.xStart)
    xSuspendedTaskList                       0x20002fd4   Data          20  tasks.o(.bss.xSuspendedTaskList)
    [Anonymous Symbol]                       0x20002fd4   Section        0  tasks.o(.bss.xSuspendedTaskList)
    xTasksWaitingTermination                 0x20002fe8   Data          20  tasks.o(.bss.xTasksWaitingTermination)
    [Anonymous Symbol]                       0x20002fe8   Section        0  tasks.o(.bss.xTasksWaitingTermination)
    xTickCount                               0x20002ffc   Data           4  tasks.o(.bss.xTickCount)
    [Anonymous Symbol]                       0x20002ffc   Section        0  tasks.o(.bss.xTickCount)
    xTimerQueue                              0x20003000   Data           4  timers.o(.bss.xTimerQueue)
    [Anonymous Symbol]                       0x20003000   Section        0  timers.o(.bss.xTimerQueue)
    xTimerTaskHandle                         0x20003004   Data           4  timers.o(.bss.xTimerTaskHandle)
    [Anonymous Symbol]                       0x20003004   Section        0  timers.o(.bss.xTimerTaskHandle)
    xYieldPending                            0x20003008   Data           4  tasks.o(.bss.xYieldPending)
    [Anonymous Symbol]                       0x20003008   Section        0  tasks.o(.bss.xYieldPending)
    Heap_Mem                                 0x20003010   Data         512  startup_stm32f10x_md.o(HEAP)
    HEAP                                     0x20003010   Section      512  startup_stm32f10x_md.o(HEAP)
    Stack_Mem                                0x20003210   Data        1024  startup_stm32f10x_md.o(STACK)
    STACK                                    0x20003210   Section     1024  startup_stm32f10x_md.o(STACK)
    __initial_sp                             0x20003610   Data           0  startup_stm32f10x_md.o(STACK)

    Global Symbols

    Symbol Name                              Value     Ov Type        Size  Object(Section)

    BuildAttributes$$THM_ISAv4$P$D$K$B$S$PE$A:L22UL41UL21$X:L11$S22US41US21$IEEE1$IW$~IW$USESV6$~STKCKD$USESV7$~SHL$OTIME$ROPI$IEEEX$EBA8$UX$STANDARDLIB$REQ8$PRES8$EABIv2 0x00000000   Number         0  anon$$obj.o ABSOLUTE
    __fp_init_empty                          0x00000000   Number         0  fpinit_empty.o ABSOLUTE
    _printf_flags                            0x00000000   Number         0  printf_stubs.o ABSOLUTE
    _printf_return_value                     0x00000000   Number         0  printf_stubs.o ABSOLUTE
    _printf_sizespec                         0x00000000   Number         0  printf_stubs.o ABSOLUTE
    _printf_widthprec                        0x00000000   Number         0  printf_stubs.o ABSOLUTE
    __ARM_exceptions_init                     - Undefined Weak Reference
    __alloca_initialize                       - Undefined Weak Reference
    __arm_preinit_                            - Undefined Weak Reference
    __cpp_initialize__aeabi_                  - Undefined Weak Reference
    __cxa_finalize                            - Undefined Weak Reference
    __sigvec_lookup                           - Undefined Weak Reference
    _atexit_init                              - Undefined Weak Reference
    _call_atexit_fns                          - Undefined Weak Reference
    _clock_init                               - Undefined Weak Reference
    _fp_trap_init                             - Undefined Weak Reference
    _fp_trap_shutdown                         - Undefined Weak Reference
    _get_lc_collate                           - Undefined Weak Reference
    _get_lc_ctype                             - Undefined Weak Reference
    _get_lc_monetary                          - Undefined Weak Reference
    _get_lc_time                              - Undefined Weak Reference
    _getenv_init                              - Undefined Weak Reference
    _handle_redirection                       - Undefined Weak Reference
    _init_alloc                               - Undefined Weak Reference
    _init_user_alloc                          - Undefined Weak Reference
    _initio                                   - Undefined Weak Reference
    _printf_post_padding                      - Undefined Weak Reference
    _printf_pre_padding                       - Undefined Weak Reference
    _printf_truncate_signed                   - Undefined Weak Reference
    _printf_truncate_unsigned                 - Undefined Weak Reference
    _rand_init                                - Undefined Weak Reference
    _signal_finish                            - Undefined Weak Reference
    _signal_init                              - Undefined Weak Reference
    _terminate_alloc                          - Undefined Weak Reference
    _terminate_user_alloc                     - Undefined Weak Reference
    _terminateio                              - Undefined Weak Reference
    __Vectors_Size                           0x000000ec   Number         0  startup_stm32f10x_md.o ABSOLUTE
    __Vectors                                0x08000000   Data           4  startup_stm32f10x_md.o(RESET)
    __Vectors_End                            0x080000ec   Data           0  startup_stm32f10x_md.o(RESET)
    __main                                   0x080000ed   Thumb Code     8  __main.o(!!!main)
    __scatterload                            0x080000f5   Thumb Code     0  __scatter.o(!!!scatter)
    __scatterload_rt2                        0x080000f5   Thumb Code    44  __scatter.o(!!!scatter)
    __scatterload_rt2_thumb_only             0x080000f5   Thumb Code     0  __scatter.o(!!!scatter)
    __scatterload_null                       0x08000103   Thumb Code     0  __scatter.o(!!!scatter)
    __scatterload_copy                       0x08000129   Thumb Code    26  __scatter_copy.o(!!handler_copy)
    __scatterload_zeroinit                   0x08000145   Thumb Code    28  __scatter_zi.o(!!handler_zi)
    _printf_f                                0x08000161   Thumb Code     0  _printf_f.o(.ARM.Collect$$_printf_percent$$00000003)
    _printf_percent                          0x08000161   Thumb Code     0  _printf_percent.o(.ARM.Collect$$_printf_percent$$00000000)
    _printf_d                                0x08000167   Thumb Code     0  _printf_d.o(.ARM.Collect$$_printf_percent$$00000009)
    _printf_percent_end                      0x0800016d   Thumb Code     0  _printf_percent_end.o(.ARM.Collect$$_printf_percent$$00000017)
    __rt_lib_init                            0x08000171   Thumb Code     0  libinit.o(.ARM.Collect$$libinit$$00000000)
    __rt_lib_init_fp_1                       0x08000173   Thumb Code     0  libinit2.o(.ARM.Collect$$libinit$$00000002)
    __rt_lib_init_heap_1                     0x08000173   Thumb Code     0  libinit2.o(.ARM.Collect$$libinit$$0000000A)
    __rt_lib_init_lc_common                  0x08000173   Thumb Code     0  libinit2.o(.ARM.Collect$$libinit$$0000000F)
    __rt_lib_init_preinit_1                  0x08000173   Thumb Code     0  libinit2.o(.ARM.Collect$$libinit$$00000004)
    __rt_lib_init_rand_1                     0x08000173   Thumb Code     0  libinit2.o(.ARM.Collect$$libinit$$0000000E)
    __rt_lib_init_user_alloc_1               0x08000173   Thumb Code     0  libinit2.o(.ARM.Collect$$libinit$$0000000C)
    __rt_lib_init_lc_collate_1               0x08000179   Thumb Code     0  libinit2.o(.ARM.Collect$$libinit$$00000011)
    __rt_lib_init_lc_ctype_1                 0x08000179   Thumb Code     0  libinit2.o(.ARM.Collect$$libinit$$00000013)
    __rt_lib_init_lc_monetary_1              0x08000179   Thumb Code     0  libinit2.o(.ARM.Collect$$libinit$$00000015)
    __rt_lib_init_lc_numeric_2               0x08000179   Thumb Code     0  libinit2.o(.ARM.Collect$$libinit$$00000016)
    __rt_lib_init_alloca_1                   0x08000183   Thumb Code     0  libinit2.o(.ARM.Collect$$libinit$$0000002E)
    __rt_lib_init_argv_1                     0x08000183   Thumb Code     0  libinit2.o(.ARM.Collect$$libinit$$0000002C)
    __rt_lib_init_atexit_1                   0x08000183   Thumb Code     0  libinit2.o(.ARM.Collect$$libinit$$0000001B)
    __rt_lib_init_clock_1                    0x08000183   Thumb Code     0  libinit2.o(.ARM.Collect$$libinit$$00000021)
    __rt_lib_init_cpp_1                      0x08000183   Thumb Code     0  libinit2.o(.ARM.Collect$$libinit$$00000032)
    __rt_lib_init_exceptions_1               0x08000183   Thumb Code     0  libinit2.o(.ARM.Collect$$libinit$$00000030)
    __rt_lib_init_fp_trap_1                  0x08000183   Thumb Code     0  libinit2.o(.ARM.Collect$$libinit$$0000001F)
    __rt_lib_init_getenv_1                   0x08000183   Thumb Code     0  libinit2.o(.ARM.Collect$$libinit$$00000023)
    __rt_lib_init_lc_numeric_1               0x08000183   Thumb Code     0  libinit2.o(.ARM.Collect$$libinit$$00000017)
    __rt_lib_init_lc_time_1                  0x08000183   Thumb Code     0  libinit2.o(.ARM.Collect$$libinit$$00000019)
    __rt_lib_init_return                     0x08000183   Thumb Code     0  libinit2.o(.ARM.Collect$$libinit$$00000033)
    __rt_lib_init_signal_1                   0x08000183   Thumb Code     0  libinit2.o(.ARM.Collect$$libinit$$0000001D)
    __rt_lib_init_stdio_1                    0x08000183   Thumb Code     0  libinit2.o(.ARM.Collect$$libinit$$00000025)
    __rt_lib_shutdown                        0x08000185   Thumb Code     0  libshutdown.o(.ARM.Collect$$libshutdown$$00000000)
    __rt_lib_shutdown_cpp_1                  0x08000187   Thumb Code     0  libshutdown2.o(.ARM.Collect$$libshutdown$$00000002)
    __rt_lib_shutdown_fp_trap_1              0x08000187   Thumb Code     0  libshutdown2.o(.ARM.Collect$$libshutdown$$00000007)
    __rt_lib_shutdown_heap_1                 0x08000187   Thumb Code     0  libshutdown2.o(.ARM.Collect$$libshutdown$$0000000F)
    __rt_lib_shutdown_return                 0x08000187   Thumb Code     0  libshutdown2.o(.ARM.Collect$$libshutdown$$00000010)
    __rt_lib_shutdown_signal_1               0x08000187   Thumb Code     0  libshutdown2.o(.ARM.Collect$$libshutdown$$0000000A)
    __rt_lib_shutdown_stdio_1                0x08000187   Thumb Code     0  libshutdown2.o(.ARM.Collect$$libshutdown$$00000004)
    __rt_lib_shutdown_user_alloc_1           0x08000187   Thumb Code     0  libshutdown2.o(.ARM.Collect$$libshutdown$$0000000C)
    __rt_entry                               0x08000189   Thumb Code     0  __rtentry.o(.ARM.Collect$$rtentry$$00000000)
    __rt_entry_presh_1                       0x08000189   Thumb Code     0  __rtentry2.o(.ARM.Collect$$rtentry$$00000002)
    __rt_entry_sh                            0x08000189   Thumb Code     0  __rtentry4.o(.ARM.Collect$$rtentry$$00000004)
    __rt_entry_postsh_1                      0x0800018f   Thumb Code     0  __rtentry2.o(.ARM.Collect$$rtentry$$00000008)
    __rt_entry_li                            0x08000197   Thumb Code     0  __rtentry2.o(.ARM.Collect$$rtentry$$0000000A)
    __rt_entry_main                          0x0800019b   Thumb Code     0  __rtentry2.o(.ARM.Collect$$rtentry$$0000000D)
    __rt_entry_postli_1                      0x0800019b   Thumb Code     0  __rtentry2.o(.ARM.Collect$$rtentry$$0000000C)
    __rt_exit                                0x080001a3   Thumb Code     0  rtexit.o(.ARM.Collect$$rtexit$$00000000)
    __rt_exit_ls                             0x080001a5   Thumb Code     0  rtexit2.o(.ARM.Collect$$rtexit$$00000003)
    __rt_exit_prels_1                        0x080001a5   Thumb Code     0  rtexit2.o(.ARM.Collect$$rtexit$$00000002)
    __rt_exit_exit                           0x080001a9   Thumb Code     0  rtexit2.o(.ARM.Collect$$rtexit$$00000004)
    Reset_Handler                            0x080001b1   Thumb Code     8  startup_stm32f10x_md.o(.text)
    NMI_Handler                              0x080001b9   Thumb Code     2  startup_stm32f10x_md.o(.text)
    HardFault_Handler                        0x080001bb   Thumb Code     2  startup_stm32f10x_md.o(.text)
    MemManage_Handler                        0x080001bd   Thumb Code     2  startup_stm32f10x_md.o(.text)
    BusFault_Handler                         0x080001bf   Thumb Code     2  startup_stm32f10x_md.o(.text)
    UsageFault_Handler                       0x080001c1   Thumb Code     2  startup_stm32f10x_md.o(.text)
    DebugMon_Handler                         0x080001c5   Thumb Code     2  startup_stm32f10x_md.o(.text)
    CAN1_RX1_IRQHandler                      0x080001cb   Thumb Code     0  startup_stm32f10x_md.o(.text)
    CAN1_SCE_IRQHandler                      0x080001cb   Thumb Code     0  startup_stm32f10x_md.o(.text)
    EXTI0_IRQHandler                         0x080001cb   Thumb Code     0  startup_stm32f10x_md.o(.text)
    EXTI15_10_IRQHandler                     0x080001cb   Thumb Code     0  startup_stm32f10x_md.o(.text)
    EXTI1_IRQHandler                         0x080001cb   Thumb Code     0  startup_stm32f10x_md.o(.text)
    EXTI2_IRQHandler                         0x080001cb   Thumb Code     0  startup_stm32f10x_md.o(.text)
    EXTI3_IRQHandler                         0x080001cb   Thumb Code     0  startup_stm32f10x_md.o(.text)
    EXTI4_IRQHandler                         0x080001cb   Thumb Code     0  startup_stm32f10x_md.o(.text)
    EXTI9_5_IRQHandler                       0x080001cb   Thumb Code     0  startup_stm32f10x_md.o(.text)
    FLASH_IRQHandler                         0x080001cb   Thumb Code     0  startup_stm32f10x_md.o(.text)
    I2C1_ER_IRQHandler                       0x080001cb   Thumb Code     0  startup_stm32f10x_md.o(.text)
    I2C1_EV_IRQHandler                       0x080001cb   Thumb Code     0  startup_stm32f10x_md.o(.text)
    I2C2_ER_IRQHandler                       0x080001cb   Thumb Code     0  startup_stm32f10x_md.o(.text)
    I2C2_EV_IRQHandler                       0x080001cb   Thumb Code     0  startup_stm32f10x_md.o(.text)
    PVD_IRQHandler                           0x080001cb   Thumb Code     0  startup_stm32f10x_md.o(.text)
    RCC_IRQHandler                           0x080001cb   Thumb Code     0  startup_stm32f10x_md.o(.text)
    RTCAlarm_IRQHandler                      0x080001cb   Thumb Code     0  startup_stm32f10x_md.o(.text)
    RTC_IRQHandler                           0x080001cb   Thumb Code     0  startup_stm32f10x_md.o(.text)
    SPI1_IRQHandler                          0x080001cb   Thumb Code     0  startup_stm32f10x_md.o(.text)
    SPI2_IRQHandler                          0x080001cb   Thumb Code     0  startup_stm32f10x_md.o(.text)
    TAMPER_IRQHandler                        0x080001cb   Thumb Code     0  startup_stm32f10x_md.o(.text)
    TIM1_BRK_IRQHandler                      0x080001cb   Thumb Code     0  startup_stm32f10x_md.o(.text)
    TIM1_CC_IRQHandler                       0x080001cb   Thumb Code     0  startup_stm32f10x_md.o(.text)
    TIM1_TRG_COM_IRQHandler                  0x080001cb   Thumb Code     0  startup_stm32f10x_md.o(.text)
    TIM1_UP_IRQHandler                       0x080001cb   Thumb Code     0  startup_stm32f10x_md.o(.text)
    TIM2_IRQHandler                          0x080001cb   Thumb Code     0  startup_stm32f10x_md.o(.text)
    TIM3_IRQHandler                          0x080001cb   Thumb Code     0  startup_stm32f10x_md.o(.text)
    TIM4_IRQHandler                          0x080001cb   Thumb Code     0  startup_stm32f10x_md.o(.text)
    USART1_IRQHandler                        0x080001cb   Thumb Code     0  startup_stm32f10x_md.o(.text)
    USART2_IRQHandler                        0x080001cb   Thumb Code     0  startup_stm32f10x_md.o(.text)
    USART3_IRQHandler                        0x080001cb   Thumb Code     0  startup_stm32f10x_md.o(.text)
    USBWakeUp_IRQHandler                     0x080001cb   Thumb Code     0  startup_stm32f10x_md.o(.text)
    USB_HP_CAN1_TX_IRQHandler                0x080001cb   Thumb Code     0  startup_stm32f10x_md.o(.text)
    USB_LP_CAN1_RX0_IRQHandler               0x080001cb   Thumb Code     0  startup_stm32f10x_md.o(.text)
    WWDG_IRQHandler                          0x080001cb   Thumb Code     0  startup_stm32f10x_md.o(.text)
    __user_initial_stackheap                 0x080001cd   Thumb Code     0  startup_stm32f10x_md.o(.text)
    __2snprintf                              0x080001f1   Thumb Code    48  noretval__2snprintf.o(.text)
    _printf_int_dec                          0x08000225   Thumb Code   104  _printf_dec.o(.text)
    __printf                                 0x0800029d   Thumb Code   270  __printf_wp.o(.text)
    __aeabi_memcpy                           0x080003ab   Thumb Code     0  rt_memcpy_v6.o(.text)
    __rt_memcpy                              0x080003ab   Thumb Code   138  rt_memcpy_v6.o(.text)
    _memcpy_lastbytes                        0x08000411   Thumb Code     0  rt_memcpy_v6.o(.text)
    __aeabi_memcpy4                          0x08000435   Thumb Code     0  rt_memcpy_w.o(.text)
    __aeabi_memcpy8                          0x08000435   Thumb Code     0  rt_memcpy_w.o(.text)
    __rt_memcpy_w                            0x08000435   Thumb Code   100  rt_memcpy_w.o(.text)
    _memcpy_lastbytes_aligned                0x0800047d   Thumb Code     0  rt_memcpy_w.o(.text)
    __aeabi_memset4                          0x08000499   Thumb Code    16  aeabi_memset4.o(.text)
    __aeabi_memset8                          0x08000499   Thumb Code     0  aeabi_memset4.o(.text)
    __aeabi_memclr4                          0x080004a9   Thumb Code     0  rt_memclr_w.o(.text)
    __aeabi_memclr8                          0x080004a9   Thumb Code     0  rt_memclr_w.o(.text)
    __rt_memclr_w                            0x080004a9   Thumb Code    78  rt_memclr_w.o(.text)
    _memset_w                                0x080004ad   Thumb Code     0  rt_memclr_w.o(.text)
    __use_two_region_memory                  0x080004f7   Thumb Code     2  heapauxi.o(.text)
    __rt_heap_escrow$2region                 0x080004f9   Thumb Code     2  heapauxi.o(.text)
    __rt_heap_expand$2region                 0x080004fb   Thumb Code     2  heapauxi.o(.text)
    _printf_int_common                       0x080004fd   Thumb Code   178  _printf_intcommon.o(.text)
    _printf_fp_dec_real                      0x0800075f   Thumb Code   620  _printf_fp_dec.o(.text)
    _printf_char_common                      0x080009d7   Thumb Code    32  _printf_char_common.o(.text)
    _sputc                                   0x080009fd   Thumb Code    10  _sputc.o(.text)
    _snputc                                  0x08000a07   Thumb Code    16  _snputc.o(.text)
    __rt_locale                              0x08000a17   Thumb Code    10  rt_locale_twolibspace.o(.text)
    _ll_udiv10                               0x08000a21   Thumb Code   138  lludiv10.o(.text)
    _printf_fp_infnan                        0x08000aad   Thumb Code   112  _printf_fp_infnan.o(.text)
    _btod_etento                             0x08000b2d   Thumb Code   224  bigflt0.o(.text)
    __user_libspace                          0x08000c11   Thumb Code     8  libspace.o(.text)
    __user_perproc_libspace                  0x08000c11   Thumb Code     0  libspace.o(.text)
    __user_setup_stackheap                   0x08000c19   Thumb Code    74  sys_stackheap_outer.o(.text)
    exit                                     0x08000c63   Thumb Code    18  exit.o(.text)
    strcmp                                   0x08000c75   Thumb Code   128  strcmpv7m.o(.text)
    _sys_exit                                0x08000cf5   Thumb Code     8  sys_exit.o(.text)
    __I$use$semihosting                      0x08000d01   Thumb Code     0  use_no_semi.o(.text)
    __use_no_semihosting_swi                 0x08000d01   Thumb Code     2  use_no_semi.o(.text)
    __semihosting_library_function           0x08000d03   Thumb Code     0  indicate_semi.o(.text)
    ADC1_2_IRQHandler                        0x08000d05   Thumb Code   154  main.o(.text.ADC1_2_IRQHandler)
    ADC_ClearITPendingBit                    0x08000da1   Thumb Code     8  stm32f10x_adc.o(.text.ADC_ClearITPendingBit)
    ADC_Cmd                                  0x08000da9   Thumb Code    18  stm32f10x_adc.o(.text.ADC_Cmd)
    ADC_ExternalTrigInjectedConvCmd          0x08000dbd   Thumb Code    18  stm32f10x_adc.o(.text.ADC_ExternalTrigInjectedConvCmd)
    ADC_ExternalTrigInjectedConvConfig       0x08000dd1   Thumb Code    12  stm32f10x_adc.o(.text.ADC_ExternalTrigInjectedConvConfig)
    ADC_GetCalibrationStatus                 0x08000ddd   Thumb Code     8  stm32f10x_adc.o(.text.ADC_GetCalibrationStatus)
    ADC_GetITStatus                          0x08000de5   Thumb Code    28  stm32f10x_adc.o(.text.ADC_GetITStatus)
    ADC_GetResetCalibrationStatus            0x08000e01   Thumb Code     8  stm32f10x_adc.o(.text.ADC_GetResetCalibrationStatus)
    ADC_ITConfig                             0x08000e09   Thumb Code    18  stm32f10x_adc.o(.text.ADC_ITConfig)
    ADC_Init                                 0x08000e1d   Thumb Code    84  stm32f10x_adc.o(.text.ADC_Init)
    ADC_InjectedChannelConfig                0x08000e71   Thumb Code    78  stm32f10x_adc.o(.text.ADC_InjectedChannelConfig)
    ADC_InjectedSequencerLengthConfig        0x08000ec1   Thumb Code    22  stm32f10x_adc.o(.text.ADC_InjectedSequencerLengthConfig)
    ADC_ResetCalibration                     0x08000ed9   Thumb Code    10  stm32f10x_adc.o(.text.ADC_ResetCalibration)
    ADC_SetInjectedOffset                    0x08000ee5   Thumb Code    22  stm32f10x_adc.o(.text.ADC_SetInjectedOffset)
    ADC_StartCalibration                     0x08000efd   Thumb Code    10  stm32f10x_adc.o(.text.ADC_StartCalibration)
    DMA1_Channel1_Event                      0x08000f09   Thumb Code     2  dma_stm32f10x.o(.text.DMA1_Channel1_Event)
    DMA1_Channel1_IRQHandler                 0x08000f0d   Thumb Code    22  dma_stm32f10x.o(.text.DMA1_Channel1_IRQHandler)
    DMA1_Channel2_Event                      0x08000f25   Thumb Code     2  dma_stm32f10x.o(.text.DMA1_Channel2_Event)
    DMA1_Channel2_IRQHandler                 0x08000f29   Thumb Code    24  dma_stm32f10x.o(.text.DMA1_Channel2_IRQHandler)
    DMA1_Channel3_Event                      0x08000f41   Thumb Code     2  dma_stm32f10x.o(.text.DMA1_Channel3_Event)
    DMA1_Channel3_IRQHandler                 0x08000f45   Thumb Code    24  dma_stm32f10x.o(.text.DMA1_Channel3_IRQHandler)
    DMA1_Channel4_Event                      0x08000f5d   Thumb Code     2  dma_stm32f10x.o(.text.DMA1_Channel4_Event)
    DMA1_Channel4_IRQHandler                 0x08000f61   Thumb Code    24  dma_stm32f10x.o(.text.DMA1_Channel4_IRQHandler)
    DMA1_Channel5_Event                      0x08000f79   Thumb Code     2  dma_stm32f10x.o(.text.DMA1_Channel5_Event)
    DMA1_Channel5_IRQHandler                 0x08000f7d   Thumb Code    24  dma_stm32f10x.o(.text.DMA1_Channel5_IRQHandler)
    DMA1_Channel6_Event                      0x08000f95   Thumb Code     2  dma_stm32f10x.o(.text.DMA1_Channel6_Event)
    DMA1_Channel6_IRQHandler                 0x08000f99   Thumb Code    24  dma_stm32f10x.o(.text.DMA1_Channel6_IRQHandler)
    DMA1_Channel7_Event                      0x08000fb1   Thumb Code     2  dma_stm32f10x.o(.text.DMA1_Channel7_Event)
    DMA1_Channel7_IRQHandler                 0x08000fb5   Thumb Code    24  dma_stm32f10x.o(.text.DMA1_Channel7_IRQHandler)
    FLASH_PrefetchBufferCmd                  0x08000fcd   Thumb Code    24  stm32f10x_flash.o(.text.FLASH_PrefetchBufferCmd)
    FLASH_SetLatency                         0x08000fe5   Thumb Code    20  stm32f10x_flash.o(.text.FLASH_SetLatency)
    GPIO_Init                                0x08000ff9   Thumb Code   176  stm32f10x_gpio.o(.text.GPIO_Init)
    LPC_Analyze                              0x080010a9   Thumb Code   388  main.o(.text.LPC_Analyze)
    NVIC_Init                                0x0800122d   Thumb Code    94  misc.o(.text.NVIC_Init)
    PendSV_Handler                           0x08001291   Thumb Code    68  port.o(.text.PendSV_Handler)
    RCC_ADCCLKConfig                         0x080012d5   Thumb Code    20  stm32f10x_rcc.o(.text.RCC_ADCCLKConfig)
    RCC_APB1PeriphClockCmd                   0x080012e9   Thumb Code    24  stm32f10x_rcc.o(.text.RCC_APB1PeriphClockCmd)
    RCC_APB2PeriphClockCmd                   0x08001301   Thumb Code    24  stm32f10x_rcc.o(.text.RCC_APB2PeriphClockCmd)
    RCC_DeInit                               0x08001319   Thumb Code    66  stm32f10x_rcc.o(.text.RCC_DeInit)
    RCC_GetClocksFreq                        0x0800135d   Thumb Code   160  stm32f10x_rcc.o(.text.RCC_GetClocksFreq)
    RCC_GetFlagStatus                        0x080013fd   Thumb Code    42  stm32f10x_rcc.o(.text.RCC_GetFlagStatus)
    RCC_GetSYSCLKSource                      0x08001429   Thumb Code    16  stm32f10x_rcc.o(.text.RCC_GetSYSCLKSource)
    RCC_HCLKConfig                           0x08001439   Thumb Code    20  stm32f10x_rcc.o(.text.RCC_HCLKConfig)
    RCC_HSEConfig                            0x0800144d   Thumb Code    50  stm32f10x_rcc.o(.text.RCC_HSEConfig)
    RCC_PCLK1Config                          0x08001481   Thumb Code    20  stm32f10x_rcc.o(.text.RCC_PCLK1Config)
    RCC_PCLK2Config                          0x08001495   Thumb Code    22  stm32f10x_rcc.o(.text.RCC_PCLK2Config)
    RCC_PLLCmd                               0x080014ad   Thumb Code    10  stm32f10x_rcc.o(.text.RCC_PLLCmd)
    RCC_PLLConfig                            0x080014b9   Thumb Code    22  stm32f10x_rcc.o(.text.RCC_PLLConfig)
    RCC_SYSCLKConfig                         0x080014d1   Thumb Code    20  stm32f10x_rcc.o(.text.RCC_SYSCLKConfig)
    RCC_WaitForHSEStartUp                    0x080014e5   Thumb Code    48  stm32f10x_rcc.o(.text.RCC_WaitForHSEStartUp)
    Reconstruct_ADC_Data                     0x08001515   Thumb Code   172  main.o(.text.Reconstruct_ADC_Data)
    SVC_Handler                              0x080015c1   Thumb Code    36  port.o(.text.SVC_Handler)
    SetSysClock                              0x080015e5   Thumb Code   102  main.o(.text.SetSysClock)
    SysTick_Handler                          0x08001715   Thumb Code    26  cmsis_os2.o(.text.SysTick_Handler)
    SystemInit                               0x08001731   Thumb Code    86  system_stm32f10x.o(.text.SystemInit)
    TIM_ARRPreloadConfig                     0x08001789   Thumb Code    18  stm32f10x_tim.o(.text.TIM_ARRPreloadConfig)
    TIM_Cmd                                  0x0800179d   Thumb Code    18  stm32f10x_tim.o(.text.TIM_Cmd)
    TIM_SelectOutputTrigger                  0x080017b1   Thumb Code    16  stm32f10x_tim.o(.text.TIM_SelectOutputTrigger)
    TIM_TimeBaseInit                         0x080017c1   Thumb Code   170  stm32f10x_tim.o(.text.TIM_TimeBaseInit)
    TIM_TimeBaseStructInit                   0x0800186d   Thumb Code    20  stm32f10x_tim.o(.text.TIM_TimeBaseStructInit)
    USART_Cmd                                0x08001881   Thumb Code    18  stm32f10x_usart.o(.text.USART_Cmd)
    USART_GetFlagStatus                      0x08001895   Thumb Code    10  stm32f10x_usart.o(.text.USART_GetFlagStatus)
    USART_Init                               0x080018a1   Thumb Code   178  stm32f10x_usart.o(.text.USART_Init)
    USART_SendData                           0x08001955   Thumb Code     8  stm32f10x_usart.o(.text.USART_SendData)
    _mutex_acquire                           0x0800195d   Thumb Code    26  clib_arm.o(.text._mutex_acquire)
    _mutex_free                              0x08001979   Thumb Code    50  clib_arm.o(.text._mutex_free)
    _mutex_initialize                        0x080019ad   Thumb Code    88  clib_arm.o(.text._mutex_initialize)
    _mutex_release                           0x08001a05   Thumb Code    28  clib_arm.o(.text._mutex_release)
    _platform_post_stackheap_init            0x08001a21   Thumb Code     2  clib_arm.o(.text._platform_post_stackheap_init)
    adc_ini                                  0x08001a25   Thumb Code   210  main.o(.text.adc_ini)
    main                                     0x08001af9   Thumb Code   160  main.o(.text.main)
    pvPortMalloc                             0x080024d9   Thumb Code   260  heap_4.o(.text.pvPortMalloc)
    pvTaskIncrementMutexHeldCount            0x080025dd   Thumb Code    24  tasks.o(.text.pvTaskIncrementMutexHeldCount)
    pxPortInitialiseStack                    0x080025f5   Thumb Code    32  port.o(.text.pxPortInitialiseStack)
    tim4_ini                                 0x08002615   Thumb Code    76  main.o(.text.tim4_ini)
    uart_Init                                0x08002661   Thumb Code   112  uart.o(.text.uart_Init)
    uart_SendChar                            0x080026d1   Thumb Code    34  uart.o(.text.uart_SendChar)
    uart_SendStr                             0x080026f5   Thumb Code    28  uart.o(.text.uart_SendStr)
    uxListRemove                             0x08002711   Thumb Code    40  list.o(.text.uxListRemove)
    vApplicationGetIdleTaskMemory            0x08002739   Thumb Code    26  cmsis_os2.o(.text.vApplicationGetIdleTaskMemory)
    vApplicationGetTimerTaskMemory           0x08002755   Thumb Code    26  cmsis_os2.o(.text.vApplicationGetTimerTaskMemory)
    vApplicationStackOverflowHook            0x08002771   Thumb Code     2  cmsis_os2.o(.text.vApplicationStackOverflowHook)
    vListInitialise                          0x08002775   Thumb Code    22  list.o(.text.vListInitialise)
    vListInitialiseItem                      0x0800278d   Thumb Code     6  list.o(.text.vListInitialiseItem)
    vListInsert                              0x08002795   Thumb Code    58  list.o(.text.vListInsert)
    vPortEnterCritical                       0x080027d1   Thumb Code    32  port.o(.text.vPortEnterCritical)
    vPortExitCritical                        0x080027f1   Thumb Code    26  port.o(.text.vPortExitCritical)
    vPortFree                                0x0800280d   Thumb Code   100  heap_4.o(.text.vPortFree)
    vPortSetupTimerInterrupt                 0x08002871   Thumb Code    52  port.o(.text.vPortSetupTimerInterrupt)
    vQueueDelete                             0x080028a5   Thumb Code    16  queue.o(.text.vQueueDelete)
    vQueueWaitForMessageRestricted           0x080028b5   Thumb Code    68  queue.o(.text.vQueueWaitForMessageRestricted)
    vTaskDelay                               0x080028f9   Thumb Code    52  tasks.o(.text.vTaskDelay)
    vTaskInternalSetTimeOutState             0x0800292d   Thumb Code    26  tasks.o(.text.vTaskInternalSetTimeOutState)
    vTaskMissedYield                         0x08002949   Thumb Code    14  tasks.o(.text.vTaskMissedYield)
    vTaskPlaceOnEventList                    0x08002959   Thumb Code    30  tasks.o(.text.vTaskPlaceOnEventList)
    vTaskPlaceOnEventListRestricted          0x08002979   Thumb Code    90  tasks.o(.text.vTaskPlaceOnEventListRestricted)
    vTaskPriorityDisinheritAfterTimeout      0x080029d5   Thumb Code   128  tasks.o(.text.vTaskPriorityDisinheritAfterTimeout)
    vTaskReadSensor                          0x08002a55   Thumb Code   130  main.o(.text.vTaskReadSensor)
    vTaskReconstructADC                      0x08002ad9   Thumb Code    80  main.o(.text.vTaskReconstructADC)
    vTaskSendUART                            0x08002b29   Thumb Code   128  main.o(.text.vTaskSendUART)
    vTaskStartScheduler                      0x08002ba9   Thumb Code   152  tasks.o(.text.vTaskStartScheduler)
    vTaskSuspendAll                          0x08002c41   Thumb Code    16  tasks.o(.text.vTaskSuspendAll)
    vTaskSwitchContext                       0x08002c51   Thumb Code   170  tasks.o(.text.vTaskSwitchContext)
    xPortStartScheduler                      0x08002cfd   Thumb Code    58  port.o(.text.xPortStartScheduler)
    xPortSysTickHandler                      0x08002d39   Thumb Code    46  port.o(.text.xPortSysTickHandler)
    xQueueCreateMutex                        0x08002d69   Thumb Code    22  queue.o(.text.xQueueCreateMutex)
    xQueueCreateMutexStatic                  0x08002d81   Thumb Code    34  queue.o(.text.xQueueCreateMutexStatic)
    xQueueGenericCreate                      0x08002da5   Thumb Code    76  queue.o(.text.xQueueGenericCreate)
    xQueueGenericCreateStatic                0x08002df1   Thumb Code    58  queue.o(.text.xQueueGenericCreateStatic)
    xQueueGenericReset                       0x08002e2d   Thumb Code   128  queue.o(.text.xQueueGenericReset)
    xQueueGenericSend                        0x08002ead   Thumb Code   310  queue.o(.text.xQueueGenericSend)
    xQueueReceive                            0x08002fe5   Thumb Code   296  queue.o(.text.xQueueReceive)
    xQueueSemaphoreTake                      0x0800310d   Thumb Code   354  queue.o(.text.xQueueSemaphoreTake)
    xTaskCheckForTimeOut                     0x08003271   Thumb Code    96  tasks.o(.text.xTaskCheckForTimeOut)
    xTaskCreate                              0x080032d1   Thumb Code   102  tasks.o(.text.xTaskCreate)
    xTaskCreateStatic                        0x08003339   Thumb Code    62  tasks.o(.text.xTaskCreateStatic)
    xTaskGetSchedulerState                   0x08003379   Thumb Code    38  tasks.o(.text.xTaskGetSchedulerState)
    xTaskGetTickCount                        0x080033a1   Thumb Code    12  tasks.o(.text.xTaskGetTickCount)
    xTaskIncrementTick                       0x080033ad   Thumb Code   404  tasks.o(.text.xTaskIncrementTick)
    xTaskPriorityDisinherit                  0x08003541   Thumb Code   112  tasks.o(.text.xTaskPriorityDisinherit)
    xTaskPriorityInherit                     0x080035b1   Thumb Code   166  tasks.o(.text.xTaskPriorityInherit)
    xTaskRemoveFromEventList                 0x08003659   Thumb Code   224  tasks.o(.text.xTaskRemoveFromEventList)
    xTaskResumeAll                           0x08003739   Thumb Code   344  tasks.o(.text.xTaskResumeAll)
    xTimerCreateTimerTask                    0x08003891   Thumb Code   104  timers.o(.text.xTimerCreateTimerTask)
    _btod_d2e                                0x080038f9   Thumb Code    62  btod.o(CL$$btod_d2e)
    _d2e_denorm_low                          0x08003937   Thumb Code    70  btod.o(CL$$btod_d2e_denorm_low)
    _d2e_norm_op1                            0x0800397d   Thumb Code    96  btod.o(CL$$btod_d2e_norm_op1)
    __btod_div_common                        0x080039dd   Thumb Code   696  btod.o(CL$$btod_div_common)
    _e2e                                     0x08003d15   Thumb Code   220  btod.o(CL$$btod_e2e)
    _btod_ediv                               0x08003df1   Thumb Code    42  btod.o(CL$$btod_ediv)
    _btod_emul                               0x08003e1b   Thumb Code    42  btod.o(CL$$btod_emul)
    __btod_mult_common                       0x08003e45   Thumb Code   580  btod.o(CL$$btod_mult_common)
    __ARM_fpclassify                         0x08004089   Thumb Code    40  fpclassify.o(i.__ARM_fpclassify)
    _is_digit                                0x080040b1   Thumb Code    14  __printf_wp.o(i._is_digit)
    _get_lc_numeric                          0x080040c1   Thumb Code    44  lc_numeric_c.o(locale$$code)
    __aeabi_dadd                             0x080040ed   Thumb Code     0  daddsub_clz.o(x$fpl$dadd)
    _dadd                                    0x080040ed   Thumb Code   332  daddsub_clz.o(x$fpl$dadd)
    __aeabi_d2iz                             0x0800423d   Thumb Code     0  dfix.o(x$fpl$dfix)
    _dfix                                    0x0800423d   Thumb Code    94  dfix.o(x$fpl$dfix)
    __fpl_dnaninf                            0x0800429b   Thumb Code   156  dnaninf.o(x$fpl$dnaninf)
    __fpl_dretinf                            0x08004337   Thumb Code    12  dretinf.o(x$fpl$dretinf)
    __aeabi_dsub                             0x08004345   Thumb Code     0  daddsub_clz.o(x$fpl$dsub)
    _dsub                                    0x08004345   Thumb Code   464  daddsub_clz.o(x$fpl$dsub)
    __aeabi_f2d                              0x08004519   Thumb Code     0  f2d.o(x$fpl$f2d)
    _f2d                                     0x08004519   Thumb Code    86  f2d.o(x$fpl$f2d)
    __aeabi_fadd                             0x08004571   Thumb Code     0  faddsub_clz.o(x$fpl$fadd)
    _fadd                                    0x08004571   Thumb Code   196  faddsub_clz.o(x$fpl$fadd)
    __aeabi_fdiv                             0x08004635   Thumb Code     0  fdiv.o(x$fpl$fdiv)
    _fdiv                                    0x08004635   Thumb Code   384  fdiv.o(x$fpl$fdiv)
    __aeabi_i2f                              0x080047b9   Thumb Code     0  fflt_clz.o(x$fpl$fflt)
    _fflt                                    0x080047b9   Thumb Code    48  fflt_clz.o(x$fpl$fflt)
    __aeabi_ui2f                             0x080047e9   Thumb Code     0  fflt_clz.o(x$fpl$ffltu)
    _ffltu                                   0x080047e9   Thumb Code    38  fflt_clz.o(x$fpl$ffltu)
    __aeabi_fmul                             0x08004811   Thumb Code     0  fmul.o(x$fpl$fmul)
    _fmul                                    0x08004811   Thumb Code   258  fmul.o(x$fpl$fmul)
    __fpl_fnaninf                            0x08004913   Thumb Code   140  fnaninf.o(x$fpl$fnaninf)
    __fpl_fretinf                            0x0800499f   Thumb Code    10  fretinf.o(x$fpl$fretinf)
    __aeabi_fsub                             0x080049a9   Thumb Code     0  faddsub_clz.o(x$fpl$fsub)
    _fsub                                    0x080049a9   Thumb Code   234  faddsub_clz.o(x$fpl$fsub)
    _printf_fp_dec                           0x08004a93   Thumb Code     4  printf1.o(x$fpl$printf1)
    __I$use$fp                               0x08004a96   Number         0  usenofp.o(x$fpl$usenofp)
    uxTopUsedPriority                        0x08004b44   Data           4  tasks.o(.rodata.uxTopUsedPriority)
    Region$$Table$$Base                      0x08004b48   Number         0  anon$$obj.o(Region$$Table)
    Region$$Table$$Limit                     0x08004b68   Number         0  anon$$obj.o(Region$$Table)
    SystemCoreClock                          0x20000000   Data           4  system_stm32f10x.o(.data.SystemCoreClock)
    __libspace_start                         0x20000008   Data          96  libspace.o(.bss)
    __temporary_stack_top$libspace           0x20000068   Data           0  libspace.o(.bss)
    adc_buf_pos                              0x20000068   Data           2  main.o(.bss.adc_buf_pos)
    adc_buffer                               0x2000006a   Data        1024  main.o(.bss.adc_buffer)
    adc_val                                  0x2000046a   Data           2  main.o(.bss.adc_val)
    ovs_acc                                  0x20000610   Data           2  main.o(.bss.ovs_acc)
    ovs_cnt                                  0x20000612   Data           1  main.o(.bss.ovs_cnt)
    pxCurrentTCB                             0x200006b8   Data           4  tasks.o(.bss.pxCurrentTCB)
    queue                                    0x20000b30   Data           4  main.o(.bss.queue)



==============================================================================

Memory Map of the image

  Image Entry point : 0x080000ed

  Load Region LR_IROM1 (Base: 0x08000000, Size: 0x00004b90, Max: 0x00010000, ABSOLUTE)

    Execution Region ER_IROM1 (Exec base: 0x08000000, Load base: 0x08000000, Size: 0x00004b84, Max: 0x00010000, ABSOLUTE)

    Exec Addr    Load Addr    Size         Type   Attr      Idx    E Section Name        Object

    0x08000000   0x08000000   0x000000ec   Data   RO         3131    RESET               startup_stm32f10x_md.o
    0x080000ec   0x080000ec   0x00000008   Code   RO         3695  * !!!main             c_w.l(__main.o)
    0x080000f4   0x080000f4   0x00000034   Code   RO         4171    !!!scatter          c_w.l(__scatter.o)
    0x08000128   0x08000128   0x0000001a   Code   RO         4173    !!handler_copy      c_w.l(__scatter_copy.o)
    0x08000142   0x08000142   0x00000002   PAD
    0x08000144   0x08000144   0x0000001c   Code   RO         4175    !!handler_zi        c_w.l(__scatter_zi.o)
    0x08000160   0x08000160   0x00000000   Code   RO         3680    .ARM.Collect$$_printf_percent$$00000000  c_w.l(_printf_percent.o)
    0x08000160   0x08000160   0x00000006   Code   RO         3679    .ARM.Collect$$_printf_percent$$00000003  c_w.l(_printf_f.o)
    0x08000166   0x08000166   0x00000006   Code   RO         3678    .ARM.Collect$$_printf_percent$$00000009  c_w.l(_printf_d.o)
    0x0800016c   0x0800016c   0x00000004   Code   RO         3864    .ARM.Collect$$_printf_percent$$00000017  c_w.l(_printf_percent_end.o)
    0x08000170   0x08000170   0x00000002   Code   RO         4032    .ARM.Collect$$libinit$$00000000  c_w.l(libinit.o)
    0x08000172   0x08000172   0x00000000   Code   RO         4034    .ARM.Collect$$libinit$$00000002  c_w.l(libinit2.o)
    0x08000172   0x08000172   0x00000000   Code   RO         4036    .ARM.Collect$$libinit$$00000004  c_w.l(libinit2.o)
    0x08000172   0x08000172   0x00000000   Code   RO         4039    .ARM.Collect$$libinit$$0000000A  c_w.l(libinit2.o)
    0x08000172   0x08000172   0x00000000   Code   RO         4041    .ARM.Collect$$libinit$$0000000C  c_w.l(libinit2.o)
    0x08000172   0x08000172   0x00000000   Code   RO         4043    .ARM.Collect$$libinit$$0000000E  c_w.l(libinit2.o)
    0x08000172   0x08000172   0x00000006   Code   RO         4044    .ARM.Collect$$libinit$$0000000F  c_w.l(libinit2.o)
    0x08000178   0x08000178   0x00000000   Code   RO         4046    .ARM.Collect$$libinit$$00000011  c_w.l(libinit2.o)
    0x08000178   0x08000178   0x00000000   Code   RO         4048    .ARM.Collect$$libinit$$00000013  c_w.l(libinit2.o)
    0x08000178   0x08000178   0x00000000   Code   RO         4050    .ARM.Collect$$libinit$$00000015  c_w.l(libinit2.o)
    0x08000178   0x08000178   0x0000000a   Code   RO         4051    .ARM.Collect$$libinit$$00000016  c_w.l(libinit2.o)
    0x08000182   0x08000182   0x00000000   Code   RO         4052    .ARM.Collect$$libinit$$00000017  c_w.l(libinit2.o)
    0x08000182   0x08000182   0x00000000   Code   RO         4054    .ARM.Collect$$libinit$$00000019  c_w.l(libinit2.o)
    0x08000182   0x08000182   0x00000000   Code   RO         4056    .ARM.Collect$$libinit$$0000001B  c_w.l(libinit2.o)
    0x08000182   0x08000182   0x00000000   Code   RO         4058    .ARM.Collect$$libinit$$0000001D  c_w.l(libinit2.o)
    0x08000182   0x08000182   0x00000000   Code   RO         4060    .ARM.Collect$$libinit$$0000001F  c_w.l(libinit2.o)
    0x08000182   0x08000182   0x00000000   Code   RO         4062    .ARM.Collect$$libinit$$00000021  c_w.l(libinit2.o)
    0x08000182   0x08000182   0x00000000   Code   RO         4064    .ARM.Collect$$libinit$$00000023  c_w.l(libinit2.o)
    0x08000182   0x08000182   0x00000000   Code   RO         4066    .ARM.Collect$$libinit$$00000025  c_w.l(libinit2.o)
    0x08000182   0x08000182   0x00000000   Code   RO         4070    .ARM.Collect$$libinit$$0000002C  c_w.l(libinit2.o)
    0x08000182   0x08000182   0x00000000   Code   RO         4072    .ARM.Collect$$libinit$$0000002E  c_w.l(libinit2.o)
    0x08000182   0x08000182   0x00000000   Code   RO         4074    .ARM.Collect$$libinit$$00000030  c_w.l(libinit2.o)
    0x08000182   0x08000182   0x00000000   Code   RO         4076    .ARM.Collect$$libinit$$00000032  c_w.l(libinit2.o)
    0x08000182   0x08000182   0x00000002   Code   RO         4077    .ARM.Collect$$libinit$$00000033  c_w.l(libinit2.o)
    0x08000184   0x08000184   0x00000002   Code   RO         4136    .ARM.Collect$$libshutdown$$00000000  c_w.l(libshutdown.o)
    0x08000186   0x08000186   0x00000000   Code   RO         4154    .ARM.Collect$$libshutdown$$00000002  c_w.l(libshutdown2.o)
    0x08000186   0x08000186   0x00000000   Code   RO         4156    .ARM.Collect$$libshutdown$$00000004  c_w.l(libshutdown2.o)
    0x08000186   0x08000186   0x00000000   Code   RO         4159    .ARM.Collect$$libshutdown$$00000007  c_w.l(libshutdown2.o)
    0x08000186   0x08000186   0x00000000   Code   RO         4162    .ARM.Collect$$libshutdown$$0000000A  c_w.l(libshutdown2.o)
    0x08000186   0x08000186   0x00000000   Code   RO         4164    .ARM.Collect$$libshutdown$$0000000C  c_w.l(libshutdown2.o)
    0x08000186   0x08000186   0x00000000   Code   RO         4167    .ARM.Collect$$libshutdown$$0000000F  c_w.l(libshutdown2.o)
    0x08000186   0x08000186   0x00000002   Code   RO         4168    .ARM.Collect$$libshutdown$$00000010  c_w.l(libshutdown2.o)
    0x08000188   0x08000188   0x00000000   Code   RO         3845    .ARM.Collect$$rtentry$$00000000  c_w.l(__rtentry.o)
    0x08000188   0x08000188   0x00000000   Code   RO         3940    .ARM.Collect$$rtentry$$00000002  c_w.l(__rtentry2.o)
    0x08000188   0x08000188   0x00000006   Code   RO         3952    .ARM.Collect$$rtentry$$00000004  c_w.l(__rtentry4.o)
    0x0800018e   0x0800018e   0x00000008   Code   RO         3941    .ARM.Collect$$rtentry$$00000008  c_w.l(__rtentry2.o)
    0x08000196   0x08000196   0x00000004   Code   RO         3943    .ARM.Collect$$rtentry$$0000000A  c_w.l(__rtentry2.o)
    0x0800019a   0x0800019a   0x00000000   Code   RO         3945    .ARM.Collect$$rtentry$$0000000C  c_w.l(__rtentry2.o)
    0x0800019a   0x0800019a   0x00000008   Code   RO         3946    .ARM.Collect$$rtentry$$0000000D  c_w.l(__rtentry2.o)
    0x080001a2   0x080001a2   0x00000002   Code   RO         4080    .ARM.Collect$$rtexit$$00000000  c_w.l(rtexit.o)
    0x080001a4   0x080001a4   0x00000000   Code   RO         4101    .ARM.Collect$$rtexit$$00000002  c_w.l(rtexit2.o)
    0x080001a4   0x080001a4   0x00000004   Code   RO         4102    .ARM.Collect$$rtexit$$00000003  c_w.l(rtexit2.o)
    0x080001a8   0x080001a8   0x00000006   Code   RO         4103    .ARM.Collect$$rtexit$$00000004  c_w.l(rtexit2.o)
    0x080001ae   0x080001ae   0x00000002   PAD
    0x080001b0   0x080001b0   0x00000040   Code   RO         3132    .text               startup_stm32f10x_md.o
    0x080001f0   0x080001f0   0x00000034   Code   RO         3652    .text               c_w.l(noretval__2snprintf.o)
    0x08000224   0x08000224   0x00000078   Code   RO         3656    .text               c_w.l(_printf_dec.o)
    0x0800029c   0x0800029c   0x0000010e   Code   RO         3666    .text               c_w.l(__printf_wp.o)
    0x080003aa   0x080003aa   0x0000008a   Code   RO         3681    .text               c_w.l(rt_memcpy_v6.o)
    0x08000434   0x08000434   0x00000064   Code   RO         3683    .text               c_w.l(rt_memcpy_w.o)
    0x08000498   0x08000498   0x00000010   Code   RO         3687    .text               c_w.l(aeabi_memset4.o)
    0x080004a8   0x080004a8   0x0000004e   Code   RO         3691    .text               c_w.l(rt_memclr_w.o)
    0x080004f6   0x080004f6   0x00000006   Code   RO         3693    .text               c_w.l(heapauxi.o)
    0x080004fc   0x080004fc   0x000000b2   Code   RO         3852    .text               c_w.l(_printf_intcommon.o)
    0x080005ae   0x080005ae   0x0000041c   Code   RO         3854    .text               c_w.l(_printf_fp_dec.o)
    0x080009ca   0x080009ca   0x00000002   PAD
    0x080009cc   0x080009cc   0x00000030   Code   RO         3858    .text               c_w.l(_printf_char_common.o)
    0x080009fc   0x080009fc   0x0000000a   Code   RO         3860    .text               c_w.l(_sputc.o)
    0x08000a06   0x08000a06   0x00000010   Code   RO         3862    .text               c_w.l(_snputc.o)
    0x08000a16   0x08000a16   0x0000000a   Code   RO         3961    .text               c_w.l(rt_locale_twolibspace.o)
    0x08000a20   0x08000a20   0x0000008a   Code   RO         3970    .text               c_w.l(lludiv10.o)
    0x08000aaa   0x08000aaa   0x00000002   PAD
    0x08000aac   0x08000aac   0x00000080   Code   RO         3972    .text               c_w.l(_printf_fp_infnan.o)
    0x08000b2c   0x08000b2c   0x000000e4   Code   RO         3976    .text               c_w.l(bigflt0.o)
    0x08000c10   0x08000c10   0x00000008   Code   RO         4014    .text               c_w.l(libspace.o)
    0x08000c18   0x08000c18   0x0000004a   Code   RO         4017    .text               c_w.l(sys_stackheap_outer.o)
    0x08000c62   0x08000c62   0x00000012   Code   RO         4021    .text               c_w.l(exit.o)
    0x08000c74   0x08000c74   0x00000080   Code   RO         4027    .text               c_w.l(strcmpv7m.o)
    0x08000cf4   0x08000cf4   0x0000000c   Code   RO         4096    .text               c_w.l(sys_exit.o)
    0x08000d00   0x08000d00   0x00000002   Code   RO         4123    .text               c_w.l(use_no_semi.o)
    0x08000d02   0x08000d02   0x00000000   Code   RO         4125    .text               c_w.l(indicate_semi.o)
    0x08000d02   0x08000d02   0x00000002   PAD
    0x08000d04   0x08000d04   0x0000009a   Code   RO            6    .text.ADC1_2_IRQHandler  main.o
    0x08000d9e   0x08000d9e   0x00000002   PAD
    0x08000da0   0x08000da0   0x00000008   Code   RO         2375    .text.ADC_ClearITPendingBit  stm32f10x_adc.o
    0x08000da8   0x08000da8   0x00000012   Code   RO         2311    .text.ADC_Cmd       stm32f10x_adc.o
    0x08000dba   0x08000dba   0x00000002   PAD
    0x08000dbc   0x08000dbc   0x00000012   Code   RO         2347    .text.ADC_ExternalTrigInjectedConvCmd  stm32f10x_adc.o
    0x08000dce   0x08000dce   0x00000002   PAD
    0x08000dd0   0x08000dd0   0x0000000c   Code   RO         2345    .text.ADC_ExternalTrigInjectedConvConfig  stm32f10x_adc.o
    0x08000ddc   0x08000ddc   0x00000008   Code   RO         2323    .text.ADC_GetCalibrationStatus  stm32f10x_adc.o
    0x08000de4   0x08000de4   0x0000001c   Code   RO         2373    .text.ADC_GetITStatus  stm32f10x_adc.o
    0x08000e00   0x08000e00   0x00000008   Code   RO         2319    .text.ADC_GetResetCalibrationStatus  stm32f10x_adc.o
    0x08000e08   0x08000e08   0x00000012   Code   RO         2315    .text.ADC_ITConfig  stm32f10x_adc.o
    0x08000e1a   0x08000e1a   0x00000002   PAD
    0x08000e1c   0x08000e1c   0x00000054   Code   RO         2307    .text.ADC_Init      stm32f10x_adc.o
    0x08000e70   0x08000e70   0x0000004e   Code   RO         2353    .text.ADC_InjectedChannelConfig  stm32f10x_adc.o
    0x08000ebe   0x08000ebe   0x00000002   PAD
    0x08000ec0   0x08000ec0   0x00000016   Code   RO         2355    .text.ADC_InjectedSequencerLengthConfig  stm32f10x_adc.o
    0x08000ed6   0x08000ed6   0x00000002   PAD
    0x08000ed8   0x08000ed8   0x0000000a   Code   RO         2317    .text.ADC_ResetCalibration  stm32f10x_adc.o
    0x08000ee2   0x08000ee2   0x00000002   PAD
    0x08000ee4   0x08000ee4   0x00000016   Code   RO         2357    .text.ADC_SetInjectedOffset  stm32f10x_adc.o
    0x08000efa   0x08000efa   0x00000002   PAD
    0x08000efc   0x08000efc   0x0000000a   Code   RO         2321    .text.ADC_StartCalibration  stm32f10x_adc.o
    0x08000f06   0x08000f06   0x00000002   PAD
    0x08000f08   0x08000f08   0x00000002   Code   RO         3077    .text.DMA1_Channel1_Event  dma_stm32f10x.o
    0x08000f0a   0x08000f0a   0x00000002   PAD
    0x08000f0c   0x08000f0c   0x00000016   Code   RO         3091    .text.DMA1_Channel1_IRQHandler  dma_stm32f10x.o
    0x08000f22   0x08000f22   0x00000002   PAD
    0x08000f24   0x08000f24   0x00000002   Code   RO         3079    .text.DMA1_Channel2_Event  dma_stm32f10x.o
    0x08000f26   0x08000f26   0x00000002   PAD
    0x08000f28   0x08000f28   0x00000018   Code   RO         3093    .text.DMA1_Channel2_IRQHandler  dma_stm32f10x.o
    0x08000f40   0x08000f40   0x00000002   Code   RO         3081    .text.DMA1_Channel3_Event  dma_stm32f10x.o
    0x08000f42   0x08000f42   0x00000002   PAD
    0x08000f44   0x08000f44   0x00000018   Code   RO         3095    .text.DMA1_Channel3_IRQHandler  dma_stm32f10x.o
    0x08000f5c   0x08000f5c   0x00000002   Code   RO         3083    .text.DMA1_Channel4_Event  dma_stm32f10x.o
    0x08000f5e   0x08000f5e   0x00000002   PAD
    0x08000f60   0x08000f60   0x00000018   Code   RO         3097    .text.DMA1_Channel4_IRQHandler  dma_stm32f10x.o
    0x08000f78   0x08000f78   0x00000002   Code   RO         3085    .text.DMA1_Channel5_Event  dma_stm32f10x.o
    0x08000f7a   0x08000f7a   0x00000002   PAD
    0x08000f7c   0x08000f7c   0x00000018   Code   RO         3099    .text.DMA1_Channel5_IRQHandler  dma_stm32f10x.o
    0x08000f94   0x08000f94   0x00000002   Code   RO         3087    .text.DMA1_Channel6_Event  dma_stm32f10x.o
    0x08000f96   0x08000f96   0x00000002   PAD
    0x08000f98   0x08000f98   0x00000018   Code   RO         3101    .text.DMA1_Channel6_IRQHandler  dma_stm32f10x.o
    0x08000fb0   0x08000fb0   0x00000002   Code   RO         3089    .text.DMA1_Channel7_Event  dma_stm32f10x.o
    0x08000fb2   0x08000fb2   0x00000002   PAD
    0x08000fb4   0x08000fb4   0x00000018   Code   RO         3103    .text.DMA1_Channel7_IRQHandler  dma_stm32f10x.o
    0x08000fcc   0x08000fcc   0x00000018   Code   RO         2475    .text.FLASH_PrefetchBufferCmd  stm32f10x_flash.o
    0x08000fe4   0x08000fe4   0x00000014   Code   RO         2471    .text.FLASH_SetLatency  stm32f10x_flash.o
    0x08000ff8   0x08000ff8   0x000000b0   Code   RO         2539    .text.GPIO_Init     stm32f10x_gpio.o
    0x080010a8   0x080010a8   0x00000184   Code   RO           10    .text.LPC_Analyze   main.o
    0x0800122c   0x0800122c   0x0000005e   Code   RO         2289    .text.NVIC_Init     misc.o
    0x0800128a   0x0800128a   0x00000006   PAD
    0x08001290   0x08001290   0x00000044   Code   RO         3233    .text.PendSV_Handler  port.o
    0x080012d4   0x080012d4   0x00000014   Code   RO         2609    .text.RCC_ADCCLKConfig  stm32f10x_rcc.o
    0x080012e8   0x080012e8   0x00000018   Code   RO         2625    .text.RCC_APB1PeriphClockCmd  stm32f10x_rcc.o
    0x08001300   0x08001300   0x00000018   Code   RO         2623    .text.RCC_APB2PeriphClockCmd  stm32f10x_rcc.o
    0x08001318   0x08001318   0x00000042   Code   RO         2579    .text.RCC_DeInit    stm32f10x_rcc.o
    0x0800135a   0x0800135a   0x00000002   PAD
    0x0800135c   0x0800135c   0x000000a0   Code   RO         2619    .text.RCC_GetClocksFreq  stm32f10x_rcc.o
    0x080013fc   0x080013fc   0x0000002a   Code   RO         2585    .text.RCC_GetFlagStatus  stm32f10x_rcc.o
    0x08001426   0x08001426   0x00000002   PAD
    0x08001428   0x08001428   0x00000010   Code   RO         2597    .text.RCC_GetSYSCLKSource  stm32f10x_rcc.o
    0x08001438   0x08001438   0x00000014   Code   RO         2599    .text.RCC_HCLKConfig  stm32f10x_rcc.o
    0x0800144c   0x0800144c   0x00000032   Code   RO         2581    .text.RCC_HSEConfig  stm32f10x_rcc.o
    0x0800147e   0x0800147e   0x00000002   PAD
    0x08001480   0x08001480   0x00000014   Code   RO         2601    .text.RCC_PCLK1Config  stm32f10x_rcc.o
    0x08001494   0x08001494   0x00000016   Code   RO         2603    .text.RCC_PCLK2Config  stm32f10x_rcc.o
    0x080014aa   0x080014aa   0x00000002   PAD
    0x080014ac   0x080014ac   0x0000000a   Code   RO         2593    .text.RCC_PLLCmd    stm32f10x_rcc.o
    0x080014b6   0x080014b6   0x00000002   PAD
    0x080014b8   0x080014b8   0x00000016   Code   RO         2591    .text.RCC_PLLConfig  stm32f10x_rcc.o
    0x080014ce   0x080014ce   0x00000002   PAD
    0x080014d0   0x080014d0   0x00000014   Code   RO         2595    .text.RCC_SYSCLKConfig  stm32f10x_rcc.o
    0x080014e4   0x080014e4   0x00000030   Code   RO         2583    .text.RCC_WaitForHSEStartUp  stm32f10x_rcc.o
    0x08001514   0x08001514   0x000000ac   Code   RO           12    .text.Reconstruct_ADC_Data  main.o
    0x080015c0   0x080015c0   0x00000024   Code   RO         3219    .text.SVC_Handler   port.o
    0x080015e4   0x080015e4   0x00000066   Code   RO            8    .text.SetSysClock   main.o
    0x0800164a   0x0800164a   0x00000002   PAD
    0x0800164c   0x0800164c   0x00000008   Code   RO         3141    .text.SetSysClock   system_stm32f10x.o
    0x08001654   0x08001654   0x000000be   Code   RO         3145    .text.SetSysClockTo72  system_stm32f10x.o
    0x08001712   0x08001712   0x00000002   PAD
    0x08001714   0x08001714   0x0000001a   Code   RO         2080    .text.SysTick_Handler  cmsis_os2.o
    0x0800172e   0x0800172e   0x00000002   PAD
    0x08001730   0x08001730   0x00000056   Code   RO         3139    .text.SystemInit    system_stm32f10x.o
    0x08001786   0x08001786   0x00000002   PAD
    0x08001788   0x08001788   0x00000012   Code   RO         2893    .text.TIM_ARRPreloadConfig  stm32f10x_tim.o
    0x0800179a   0x0800179a   0x00000002   PAD
    0x0800179c   0x0800179c   0x00000012   Code   RO         2853    .text.TIM_Cmd       stm32f10x_tim.o
    0x080017ae   0x080017ae   0x00000002   PAD
    0x080017b0   0x080017b0   0x00000010   Code   RO         2953    .text.TIM_SelectOutputTrigger  stm32f10x_tim.o
    0x080017c0   0x080017c0   0x000000aa   Code   RO         2813    .text.TIM_TimeBaseInit  stm32f10x_tim.o
    0x0800186a   0x0800186a   0x00000002   PAD
    0x0800186c   0x0800186c   0x00000014   Code   RO         2845    .text.TIM_TimeBaseStructInit  stm32f10x_tim.o
    0x08001880   0x08001880   0x00000012   Code   RO         3011    .text.USART_Cmd     stm32f10x_usart.o
    0x08001892   0x08001892   0x00000002   PAD
    0x08001894   0x08001894   0x0000000a   Code   RO         3051    .text.USART_GetFlagStatus  stm32f10x_usart.o
    0x0800189e   0x0800189e   0x00000002   PAD
    0x080018a0   0x080018a0   0x000000b2   Code   RO         3003    .text.USART_Init    stm32f10x_usart.o
    0x08001952   0x08001952   0x00000002   PAD
    0x08001954   0x08001954   0x00000008   Code   RO         3027    .text.USART_SendData  stm32f10x_usart.o
    0x0800195c   0x0800195c   0x0000001a   Code   RO         2062    .text._mutex_acquire  clib_arm.o
    0x08001976   0x08001976   0x00000002   PAD
    0x08001978   0x08001978   0x00000032   Code   RO         2066    .text._mutex_free   clib_arm.o
    0x080019aa   0x080019aa   0x00000002   PAD
    0x080019ac   0x080019ac   0x00000058   Code   RO         2060    .text._mutex_initialize  clib_arm.o
    0x08001a04   0x08001a04   0x0000001c   Code   RO         2064    .text._mutex_release  clib_arm.o
    0x08001a20   0x08001a20   0x00000002   Code   RO         2054    .text._platform_post_stackheap_init  clib_arm.o
    0x08001a22   0x08001a22   0x00000002   PAD
    0x08001a24   0x08001a24   0x000000d2   Code   RO            4    .text.adc_ini       main.o
    0x08001af6   0x08001af6   0x00000002   PAD
    0x08001af8   0x08001af8   0x000000a0   Code   RO           20    .text.main          main.o
    0x08001b98   0x08001b98   0x00000010   Code   RO         2058    .text.os_kernel_is_active  clib_arm.o
    0x08001ba8   0x08001ba8   0x0000009c   Code   RO         3436    .text.prvAddCurrentTaskToDelayedList  tasks.o
    0x08001c44   0x08001c44   0x000000cc   Code   RO         3422    .text.prvAddNewTaskToReadyList  tasks.o
    0x08001d10   0x08001d10   0x0000006a   Code   RO         3574    .text.prvCheckForValidListAndQueue  timers.o
    0x08001d7a   0x08001d7a   0x00000002   PAD
    0x08001d7c   0x08001d7c   0x0000004e   Code   RO         3540    .text.prvCheckTasksWaitingTermination  tasks.o
    0x08001dca   0x08001dca   0x00000002   PAD
    0x08001dcc   0x08001dcc   0x00000026   Code   RO         3320    .text.prvCopyDataFromQueue  queue.o
    0x08001df2   0x08001df2   0x00000002   PAD
    0x08001df4   0x08001df4   0x0000007a   Code   RO         3308    .text.prvCopyDataToQueue  queue.o
    0x08001e6e   0x08001e6e   0x00000002   PAD
    0x08001e70   0x08001e70   0x00000020   Code   RO         3430    .text.prvDeleteTCB  tasks.o
    0x08001e90   0x08001e90   0x00000012   Code   RO         3324    .text.prvGetDisinheritPriorityAfterTimeout  queue.o
    0x08001ea2   0x08001ea2   0x00000002   PAD
    0x08001ea4   0x08001ea4   0x00000020   Code   RO         3612    .text.prvGetNextExpireTime  timers.o
    0x08001ec4   0x08001ec4   0x00000076   Code   RO         3248    .text.prvHeapInit   heap_4.o
    0x08001f3a   0x08001f3a   0x00000002   PAD
    0x08001f3c   0x08001f3c   0x0000002a   Code   RO         3462    .text.prvIdleTask   tasks.o
    0x08001f66   0x08001f66   0x00000002   PAD
    0x08001f68   0x08001f68   0x00000020   Code   RO         3288    .text.prvInitialiseMutex  queue.o
    0x08001f88   0x08001f88   0x00000020   Code   RO         3282    .text.prvInitialiseNewQueue  queue.o
    0x08001fa8   0x08001fa8   0x00000098   Code   RO         3420    .text.prvInitialiseNewTask  tasks.o
    0x08002040   0x08002040   0x00000070   Code   RO         3538    .text.prvInitialiseTaskLists  tasks.o
    0x080020b0   0x080020b0   0x00000062   Code   RO         3250    .text.prvInsertBlockIntoFreeList  heap_4.o
    0x08002112   0x08002112   0x00000002   PAD
    0x08002114   0x08002114   0x00000040   Code   RO         3626    .text.prvInsertTimerInActiveList  timers.o
    0x08002154   0x08002154   0x00000018   Code   RO         3322    .text.prvIsQueueEmpty  queue.o
    0x0800216c   0x0800216c   0x0000001c   Code   RO         3310    .text.prvIsQueueFull  queue.o
    0x08002188   0x08002188   0x00000020   Code   RO         3225    .text.prvPortStartFirstTask  port.o
    0x080021a8   0x080021a8   0x0000003e   Code   RO         3620    .text.prvProcessExpiredTimer  timers.o
    0x080021e6   0x080021e6   0x00000002   PAD
    0x080021e8   0x080021e8   0x000000fa   Code   RO         3616    .text.prvProcessReceivedCommands  timers.o
    0x080022e2   0x080022e2   0x00000002   PAD
    0x080022e4   0x080022e4   0x00000080   Code   RO         3614    .text.prvProcessTimerOrBlockTask  timers.o
    0x08002364   0x08002364   0x0000003a   Code   RO         3624    .text.prvReloadTimer  timers.o
    0x0800239e   0x0800239e   0x00000002   PAD
    0x080023a0   0x080023a0   0x00000026   Code   RO         3428    .text.prvResetNextTaskUnblockTime  tasks.o
    0x080023c6   0x080023c6   0x00000002   PAD
    0x080023c8   0x080023c8   0x0000002a   Code   RO         3618    .text.prvSampleTimeNow  timers.o
    0x080023f2   0x080023f2   0x00000002   PAD
    0x080023f4   0x080023f4   0x00000034   Code   RO         3622    .text.prvSwitchTimerLists  timers.o
    0x08002428   0x08002428   0x00000022   Code   RO         3217    .text.prvTaskExitError  port.o
    0x0800244a   0x0800244a   0x00000002   PAD
    0x0800244c   0x0800244c   0x00000016   Code   RO         3576    .text.prvTimerTask  timers.o
    0x08002462   0x08002462   0x00000002   PAD
    0x08002464   0x08002464   0x00000072   Code   RO         3312    .text.prvUnlockQueue  queue.o
    0x080024d6   0x080024d6   0x00000002   PAD
    0x080024d8   0x080024d8   0x00000104   Code   RO         3246    .text.pvPortMalloc  heap_4.o
    0x080025dc   0x080025dc   0x00000018   Code   RO         3522    .text.pvTaskIncrementMutexHeldCount  tasks.o
    0x080025f4   0x080025f4   0x00000020   Code   RO         3215    .text.pxPortInitialiseStack  port.o
    0x08002614   0x08002614   0x0000004c   Code   RO            2    .text.tim4_ini      main.o
    0x08002660   0x08002660   0x00000070   Code   RO           42    .text.uart_Init     uart.o
    0x080026d0   0x080026d0   0x00000022   Code   RO           40    .text.uart_SendChar  uart.o
    0x080026f2   0x080026f2   0x00000002   PAD
    0x080026f4   0x080026f4   0x0000001c   Code   RO           44    .text.uart_SendStr  uart.o
    0x08002710   0x08002710   0x00000028   Code   RO         3205    .text.uxListRemove  list.o
    0x08002738   0x08002738   0x0000001a   Code   RO         2238    .text.vApplicationGetIdleTaskMemory  cmsis_os2.o
    0x08002752   0x08002752   0x00000002   PAD
    0x08002754   0x08002754   0x0000001a   Code   RO         2240    .text.vApplicationGetTimerTaskMemory  cmsis_os2.o
    0x0800276e   0x0800276e   0x00000002   PAD
    0x08002770   0x08002770   0x00000002   Code   RO         2236    .text.vApplicationStackOverflowHook  cmsis_os2.o
    0x08002772   0x08002772   0x00000002   PAD
    0x08002774   0x08002774   0x00000016   Code   RO         3197    .text.vListInitialise  list.o
    0x0800278a   0x0800278a   0x00000002   PAD
    0x0800278c   0x0800278c   0x00000006   Code   RO         3199    .text.vListInitialiseItem  list.o
    0x08002792   0x08002792   0x00000002   PAD
    0x08002794   0x08002794   0x0000003a   Code   RO         3203    .text.vListInsert   list.o
    0x080027ce   0x080027ce   0x00000002   PAD
    0x080027d0   0x080027d0   0x00000020   Code   RO         3229    .text.vPortEnterCritical  port.o
    0x080027f0   0x080027f0   0x0000001a   Code   RO         3231    .text.vPortExitCritical  port.o
    0x0800280a   0x0800280a   0x00000002   PAD
    0x0800280c   0x0800280c   0x00000064   Code   RO         3252    .text.vPortFree     heap_4.o
    0x08002870   0x08002870   0x00000034   Code   RO         3223    .text.vPortSetupTimerInterrupt  port.o
    0x080028a4   0x080028a4   0x00000010   Code   RO         3338    .text.vQueueDelete  queue.o
    0x080028b4   0x080028b4   0x00000044   Code   RO         3350    .text.vQueueWaitForMessageRestricted  queue.o
    0x080028f8   0x080028f8   0x00000034   Code   RO         3440    .text.vTaskDelay    tasks.o
    0x0800292c   0x0800292c   0x0000001a   Code   RO         3494    .text.vTaskInternalSetTimeOutState  tasks.o
    0x08002946   0x08002946   0x00000002   PAD
    0x08002948   0x08002948   0x0000000e   Code   RO         3498    .text.vTaskMissedYield  tasks.o
    0x08002956   0x08002956   0x00000002   PAD
    0x08002958   0x08002958   0x0000001e   Code   RO         3482    .text.vTaskPlaceOnEventList  tasks.o
    0x08002976   0x08002976   0x00000002   PAD
    0x08002978   0x08002978   0x0000005a   Code   RO         3486    .text.vTaskPlaceOnEventListRestricted  tasks.o
    0x080029d2   0x080029d2   0x00000002   PAD
    0x080029d4   0x080029d4   0x00000080   Code   RO         3518    .text.vTaskPriorityDisinheritAfterTimeout  tasks.o
    0x08002a54   0x08002a54   0x00000082   Code   RO           14    .text.vTaskReadSensor  main.o
    0x08002ad6   0x08002ad6   0x00000002   PAD
    0x08002ad8   0x08002ad8   0x00000050   Code   RO           18    .text.vTaskReconstructADC  main.o
    0x08002b28   0x08002b28   0x00000080   Code   RO           16    .text.vTaskSendUART  main.o
    0x08002ba8   0x08002ba8   0x00000098   Code   RO         3460    .text.vTaskStartScheduler  tasks.o
    0x08002c40   0x08002c40   0x00000010   Code   RO         3434    .text.vTaskSuspendAll  tasks.o
    0x08002c50   0x08002c50   0x000000aa   Code   RO         3452    .text.vTaskSwitchContext  tasks.o
    0x08002cfa   0x08002cfa   0x00000002   PAD
    0x08002cfc   0x08002cfc   0x0000003a   Code   RO         3221    .text.xPortStartScheduler  port.o
    0x08002d36   0x08002d36   0x00000002   PAD
    0x08002d38   0x08002d38   0x0000002e   Code   RO         3235    .text.xPortSysTickHandler  port.o
    0x08002d66   0x08002d66   0x00000002   PAD
    0x08002d68   0x08002d68   0x00000016   Code   RO         3286    .text.xQueueCreateMutex  queue.o
    0x08002d7e   0x08002d7e   0x00000002   PAD
    0x08002d80   0x08002d80   0x00000022   Code   RO         3290    .text.xQueueCreateMutexStatic  queue.o
    0x08002da2   0x08002da2   0x00000002   PAD
    0x08002da4   0x08002da4   0x0000004c   Code   RO         3284    .text.xQueueGenericCreate  queue.o
    0x08002df0   0x08002df0   0x0000003a   Code   RO         3280    .text.xQueueGenericCreateStatic  queue.o
    0x08002e2a   0x08002e2a   0x00000002   PAD
    0x08002e2c   0x08002e2c   0x00000080   Code   RO         3278    .text.xQueueGenericReset  queue.o
    0x08002eac   0x08002eac   0x00000136   Code   RO         3298    .text.xQueueGenericSend  queue.o
    0x08002fe2   0x08002fe2   0x00000002   PAD
    0x08002fe4   0x08002fe4   0x00000128   Code   RO         3318    .text.xQueueReceive  queue.o
    0x0800310c   0x0800310c   0x00000162   Code   RO         3302    .text.xQueueSemaphoreTake  queue.o
    0x0800326e   0x0800326e   0x00000002   PAD
    0x08003270   0x08003270   0x00000060   Code   RO         3496    .text.xTaskCheckForTimeOut  tasks.o
    0x080032d0   0x080032d0   0x00000066   Code   RO         3424    .text.xTaskCreate   tasks.o
    0x08003336   0x08003336   0x00000002   PAD
    0x08003338   0x08003338   0x0000003e   Code   RO         3418    .text.xTaskCreateStatic  tasks.o
    0x08003376   0x08003376   0x00000002   PAD
    0x08003378   0x08003378   0x00000026   Code   RO         3512    .text.xTaskGetSchedulerState  tasks.o
    0x0800339e   0x0800339e   0x00000002   PAD
    0x080033a0   0x080033a0   0x0000000c   Code   RO         3468    .text.xTaskGetTickCount  tasks.o
    0x080033ac   0x080033ac   0x00000194   Code   RO         3466    .text.xTaskIncrementTick  tasks.o
    0x08003540   0x08003540   0x00000070   Code   RO         3516    .text.xTaskPriorityDisinherit  tasks.o
    0x080035b0   0x080035b0   0x000000a6   Code   RO         3514    .text.xTaskPriorityInherit  tasks.o
    0x08003656   0x08003656   0x00000002   PAD
    0x08003658   0x08003658   0x000000e0   Code   RO         3488    .text.xTaskRemoveFromEventList  tasks.o
    0x08003738   0x08003738   0x00000158   Code   RO         3438    .text.xTaskResumeAll  tasks.o
    0x08003890   0x08003890   0x00000068   Code   RO         3572    .text.xTimerCreateTimerTask  timers.o
    0x080038f8   0x080038f8   0x0000003e   Code   RO         3979    CL$$btod_d2e        c_w.l(btod.o)
    0x08003936   0x08003936   0x00000046   Code   RO         3981    CL$$btod_d2e_denorm_low  c_w.l(btod.o)
    0x0800397c   0x0800397c   0x00000060   Code   RO         3980    CL$$btod_d2e_norm_op1  c_w.l(btod.o)
    0x080039dc   0x080039dc   0x00000338   Code   RO         3989    CL$$btod_div_common  c_w.l(btod.o)
    0x08003d14   0x08003d14   0x000000dc   Code   RO         3986    CL$$btod_e2e        c_w.l(btod.o)
    0x08003df0   0x08003df0   0x0000002a   Code   RO         3983    CL$$btod_ediv       c_w.l(btod.o)
    0x08003e1a   0x08003e1a   0x0000002a   Code   RO         3982    CL$$btod_emul       c_w.l(btod.o)
    0x08003e44   0x08003e44   0x00000244   Code   RO         3988    CL$$btod_mult_common  c_w.l(btod.o)
    0x08004088   0x08004088   0x00000028   Code   RO         3918    i.__ARM_fpclassify  m_ws.l(fpclassify.o)
    0x080040b0   0x080040b0   0x0000000e   Code   RO         3668    i._is_digit         c_w.l(__printf_wp.o)
    0x080040be   0x080040be   0x00000002   PAD
    0x080040c0   0x080040c0   0x0000002c   Code   RO         4004    locale$$code        c_w.l(lc_numeric_c.o)
    0x080040ec   0x080040ec   0x00000150   Code   RO         3701    x$fpl$dadd          fz_ws.l(daddsub_clz.o)
    0x0800423c   0x0800423c   0x0000005e   Code   RO         3713    x$fpl$dfix          fz_ws.l(dfix.o)
    0x0800429a   0x0800429a   0x0000009c   Code   RO         3871    x$fpl$dnaninf       fz_ws.l(dnaninf.o)
    0x08004336   0x08004336   0x0000000c   Code   RO         3873    x$fpl$dretinf       fz_ws.l(dretinf.o)
    0x08004342   0x08004342   0x00000002   PAD
    0x08004344   0x08004344   0x000001d4   Code   RO         3703    x$fpl$dsub          fz_ws.l(daddsub_clz.o)
    0x08004518   0x08004518   0x00000056   Code   RO         3729    x$fpl$f2d           fz_ws.l(f2d.o)
    0x0800456e   0x0800456e   0x00000002   PAD
    0x08004570   0x08004570   0x000000c4   Code   RO         3733    x$fpl$fadd          fz_ws.l(faddsub_clz.o)
    0x08004634   0x08004634   0x00000184   Code   RO         3742    x$fpl$fdiv          fz_ws.l(fdiv.o)
    0x080047b8   0x080047b8   0x00000030   Code   RO         3754    x$fpl$fflt          fz_ws.l(fflt_clz.o)
    0x080047e8   0x080047e8   0x00000026   Code   RO         3753    x$fpl$ffltu         fz_ws.l(fflt_clz.o)
    0x0800480e   0x0800480e   0x00000002   PAD
    0x08004810   0x08004810   0x00000102   Code   RO         3759    x$fpl$fmul          fz_ws.l(fmul.o)
    0x08004912   0x08004912   0x0000008c   Code   RO         3889    x$fpl$fnaninf       fz_ws.l(fnaninf.o)
    0x0800499e   0x0800499e   0x0000000a   Code   RO         3891    x$fpl$fretinf       fz_ws.l(fretinf.o)
    0x080049a8   0x080049a8   0x000000ea   Code   RO         3735    x$fpl$fsub          fz_ws.l(faddsub_clz.o)
    0x08004a92   0x08004a92   0x00000004   Code   RO         3763    x$fpl$printf1       fz_ws.l(printf1.o)
    0x08004a96   0x08004a96   0x00000000   Code   RO         3903    x$fpl$usenofp       fz_ws.l(usenofp.o)
    0x08004a96   0x08004a96   0x00000002   PAD
    0x08004a98   0x08004a98   0x00000094   Data   RO         3977    .constdata          c_w.l(bigflt0.o)
    0x08004b2c   0x08004b2c   0x00000004   Data   RO         2644    .rodata.ADCPrescTable  stm32f10x_rcc.o
    0x08004b30   0x08004b30   0x00000010   Data   RO         2643    .rodata.APBAHBPrescTable  stm32f10x_rcc.o
    0x08004b40   0x08004b40   0x00000004   Data   RO           28    .rodata.str1.1      main.o
    0x08004b44   0x08004b44   0x00000004   Data   RO         3543    .rodata.uxTopUsedPriority  tasks.o
    0x08004b48   0x08004b48   0x00000020   Data   RO         4170    Region$$Table       anon$$obj.o
    0x08004b68   0x08004b68   0x0000001c   Data   RO         4003    locale$$data        c_w.l(lc_numeric_c.o)


    Execution Region RW_IRAM1 (Exec base: 0x20000000, Load base: 0x08004b88, Size: 0x00003610, Max: 0x00005000, ABSOLUTE)

    Exec Addr    Load Addr    Size         Type   Attr      Idx    E Section Name        Object

    0x20000000   0x08004b88   0x00000004   Data   RW         3147    .data.SystemCoreClock  system_stm32f10x.o
    0x20000004   0x08004b8c   0x00000004   Data   RW         3237    .data.uxCriticalNesting  port.o
    0x20000008        -       0x00000060   Zero   RW         4015    .bss                c_w.l(libspace.o)
    0x20000068        -       0x00000002   Zero   RW           25    .bss.adc_buf_pos    main.o
    0x2000006a        -       0x00000400   Zero   RW           26    .bss.adc_buffer     main.o
    0x2000046a        -       0x00000002   Zero   RW           24    .bss.adc_val        main.o
    0x2000046c        -       0x00000190   Zero   RW         2071    .bss.clib_mutex_cb  clib_arm.o
    0x200005fc        -       0x00000014   Zero   RW         2070    .bss.clib_mutex_id  clib_arm.o
    0x20000610        -       0x00000002   Zero   RW           22    .bss.ovs_acc        main.o
    0x20000612        -       0x00000001   Zero   RW           23    .bss.ovs_cnt        main.o
    0x20000613        -       0x00000050   Zero   RW         3636    .bss.prvCheckForValidListAndQueue.ucStaticTimerQueueStorage  timers.o
    0x20000663   0x08004b90   0x00000001   PAD
    0x20000664        -       0x00000050   Zero   RW         3635    .bss.prvCheckForValidListAndQueue.xStaticTimerQueue  timers.o
    0x200006b4        -       0x00000004   Zero   RW         3632    .bss.prvSampleTimeNow.xLastTime  timers.o
    0x200006b8        -       0x00000004   Zero   RW         3542    .bss.pxCurrentTCB   tasks.o
    0x200006bc        -       0x00000004   Zero   RW         3630    .bss.pxCurrentTimerList  timers.o
    0x200006c0        -       0x00000004   Zero   RW         3550    .bss.pxDelayedTaskList  tasks.o
    0x200006c4        -       0x00000004   Zero   RW         3262    .bss.pxEnd          heap_4.o
    0x200006c8        -       0x00000004   Zero   RW         3551    .bss.pxOverflowDelayedTaskList  tasks.o
    0x200006cc        -       0x00000004   Zero   RW         3631    .bss.pxOverflowTimerList  timers.o
    0x200006d0        -       0x00000460   Zero   RW         3553    .bss.pxReadyTasksLists  tasks.o
    0x20000b30        -       0x00000004   Zero   RW           27    .bss.queue          main.o
    0x20000b34        -       0x00002000   Zero   RW         3269    .bss.ucHeap         heap_4.o
    0x20002b34        -       0x00000004   Zero   RW         3547    .bss.uxCurrentNumberOfTasks  tasks.o
    0x20002b38        -       0x00000004   Zero   RW         3546    .bss.uxDeletedTasksWaitingCleanUp  tasks.o
    0x20002b3c        -       0x00000004   Zero   RW         3555    .bss.uxSchedulerSuspended  tasks.o
    0x20002b40        -       0x00000004   Zero   RW         3544    .bss.uxTaskNumber   tasks.o
    0x20002b44        -       0x00000004   Zero   RW         3554    .bss.uxTopReadyPriority  tasks.o
    0x20002b48        -       0x00000200   Zero   RW         2247    .bss.vApplicationGetIdleTaskMemory.Idle_Stack  cmsis_os2.o
    0x20002d48        -       0x0000005c   Zero   RW         2246    .bss.vApplicationGetIdleTaskMemory.Idle_TCB  cmsis_os2.o
    0x20002da4        -       0x00000140   Zero   RW         2249    .bss.vApplicationGetTimerTaskMemory.Timer_Stack  cmsis_os2.o
    0x20002ee4        -       0x0000005c   Zero   RW         2248    .bss.vApplicationGetTimerTaskMemory.Timer_TCB  cmsis_os2.o
    0x20002f40        -       0x00000014   Zero   RW         3633    .bss.xActiveTimerList1  timers.o
    0x20002f54        -       0x00000014   Zero   RW         3634    .bss.xActiveTimerList2  timers.o
    0x20002f68        -       0x00000001   Zero   RW         3263    .bss.xBlockAllocatedBit  heap_4.o
    0x20002f69   0x08004b90   0x00000003   PAD
    0x20002f6c        -       0x00000014   Zero   RW         3562    .bss.xDelayedTaskList1  tasks.o
    0x20002f80        -       0x00000014   Zero   RW         3563    .bss.xDelayedTaskList2  tasks.o
    0x20002f94        -       0x00000004   Zero   RW         3264    .bss.xFreeBytesRemaining  heap_4.o
    0x20002f98        -       0x00000004   Zero   RW         3558    .bss.xIdleTaskHandle  tasks.o
    0x20002f9c        -       0x00000004   Zero   RW         3266    .bss.xMinimumEverFreeBytesRemaining  heap_4.o
    0x20002fa0        -       0x00000004   Zero   RW         3559    .bss.xNextTaskUnblockTime  tasks.o
    0x20002fa4        -       0x00000004   Zero   RW         3561    .bss.xNumOfOverflows  tasks.o
    0x20002fa8        -       0x00000004   Zero   RW         3267    .bss.xNumberOfSuccessfulAllocations  heap_4.o
    0x20002fac        -       0x00000004   Zero   RW         3268    .bss.xNumberOfSuccessfulFrees  heap_4.o
    0x20002fb0        -       0x00000004   Zero   RW         3560    .bss.xPendedTicks   tasks.o
    0x20002fb4        -       0x00000014   Zero   RW         3557    .bss.xPendingReadyList  tasks.o
    0x20002fc8        -       0x00000004   Zero   RW         3548    .bss.xSchedulerRunning  tasks.o
    0x20002fcc        -       0x00000008   Zero   RW         3265    .bss.xStart         heap_4.o
    0x20002fd4        -       0x00000014   Zero   RW         3552    .bss.xSuspendedTaskList  tasks.o
    0x20002fe8        -       0x00000014   Zero   RW         3545    .bss.xTasksWaitingTermination  tasks.o
    0x20002ffc        -       0x00000004   Zero   RW         3549    .bss.xTickCount     tasks.o
    0x20003000        -       0x00000004   Zero   RW         3628    .bss.xTimerQueue    timers.o
    0x20003004        -       0x00000004   Zero   RW         3629    .bss.xTimerTaskHandle  timers.o
    0x20003008        -       0x00000004   Zero   RW         3556    .bss.xYieldPending  tasks.o
    0x2000300c   0x08004b90   0x00000004   PAD
    0x20003010        -       0x00000200   Zero   RW         3130    HEAP                startup_stm32f10x_md.o
    0x20003210        -       0x00000400   Zero   RW         3129    STACK               startup_stm32f10x_md.o


==============================================================================

Image component sizes


      Code (inc. data)   RO Data    RW Data    ZI Data      Debug   Object Name

       210          0          0          0        420       3442   clib_arm.o
        80          0          0          0       1016      40781   cmsis_os2.o
       180          0          0          0          0       6015   dma_stm32f10x.o
       576          0          0          0       8221       4587   heap_4.o
       126          0          0          0          0       2309   list.o
      1600         56          4          0       1035       9158   main.o
        94          0          0          0          0       3533   misc.o
       416         12          0          4          0       2814   port.o
      1770          0          0          0          0      18483   queue.o
        64         26        236          0       1536        844   startup_stm32f10x_md.o
       344          0          0          0          0       9246   stm32f10x_adc.o
        44          0          0          0          0       8102   stm32f10x_flash.o
       176          0          0          0          0       5909   stm32f10x_gpio.o
       564          0         20          0          0       7725   stm32f10x_rcc.o
       242          0          0          0          0      24145   stm32f10x_tim.o
       214          0          0          0          0       7993   stm32f10x_usart.o
       284          0          0          4          0       2831   system_stm32f10x.o
      3076          8          4          0       1280      29951   tasks.o
       920         18          0          0        220      13129   timers.o
       174          0          0          0          0       3007   uart.o

    ----------------------------------------------------------------------
     11316        120        296          8      13736     204004   Object Totals
         0          0         32          0          0          0   (incl. Generated)
       162          0          0          0          8          0   (incl. Padding)

    ----------------------------------------------------------------------

      Code (inc. data)   RO Data    RW Data    ZI Data      Debug   Library Member Name

         8          0          0          0          0         68   __main.o
       284          0          0          0          0        156   __printf_wp.o
         0          0          0          0          0          0   __rtentry.o
        20          0          0          0          0          0   __rtentry2.o
         6          0          0          0          0          0   __rtentry4.o
        52          8          0          0          0          0   __scatter.o
        26          0          0          0          0          0   __scatter_copy.o
        28          0          0          0          0          0   __scatter_zi.o
        48          6          0          0          0         96   _printf_char_common.o
         6          0          0          0          0          0   _printf_d.o
       120         16          0          0          0         92   _printf_dec.o
         6          0          0          0          0          0   _printf_f.o
      1052          0          0          0          0        148   _printf_fp_dec.o
       128         16          0          0          0         84   _printf_fp_infnan.o
       178          0          0          0          0         88   _printf_intcommon.o
         0          0          0          0          0          0   _printf_percent.o
         4          0          0          0          0          0   _printf_percent_end.o
        16          0          0          0          0         68   _snputc.o
        10          0          0          0          0         68   _sputc.o
        16          0          0          0          0         68   aeabi_memset4.o
       228          4        148          0          0         96   bigflt0.o
      1936        128          0          0          0        672   btod.o
        18          0          0          0          0         80   exit.o
         6          0          0          0          0        152   heapauxi.o
         0          0          0          0          0          0   indicate_semi.o
        44         10         28          0          0         76   lc_numeric_c.o
         2          0          0          0          0          0   libinit.o
        18          0          0          0          0          0   libinit2.o
         2          0          0          0          0          0   libshutdown.o
         2          0          0          0          0          0   libshutdown2.o
         8          4          0          0         96         68   libspace.o
       138          0          0          0          0         80   lludiv10.o
        52          4          0          0          0         84   noretval__2snprintf.o
        10          0          0          0          0         76   rt_locale_twolibspace.o
        78          0          0          0          0         80   rt_memclr_w.o
       138          0          0          0          0         68   rt_memcpy_v6.o
       100          0          0          0          0         80   rt_memcpy_w.o
         2          0          0          0          0          0   rtexit.o
        10          0          0          0          0          0   rtexit2.o
       128          0          0          0          0         68   strcmpv7m.o
        12          4          0          0          0         68   sys_exit.o
        74          0          0          0          0         80   sys_stackheap_outer.o
         2          0          0          0          0         68   use_no_semi.o
       804         16          0          0          0        280   daddsub_clz.o
        94          4          0          0          0         92   dfix.o
       156          4          0          0          0         92   dnaninf.o
        12          0          0          0          0         68   dretinf.o
        86          4          0          0          0         84   f2d.o
       430          8          0          0          0        168   faddsub_clz.o
       388         76          0          0          0         96   fdiv.o
        86          0          0          0          0        136   fflt_clz.o
       258          4          0          0          0         84   fmul.o
       140          4          0          0          0         84   fnaninf.o
        10          0          0          0          0         68   fretinf.o
         4          0          0          0          0         68   printf1.o
         0          0          0          0          0          0   usenofp.o
        40          0          0          0          0         68   fpclassify.o

    ----------------------------------------------------------------------
      7544        320        176          0         96       4220   Library Totals
        20          0          0          0          0          0   (incl. Padding)

    ----------------------------------------------------------------------

      Code (inc. data)   RO Data    RW Data    ZI Data      Debug   Library Name

      5016        200        176          0         96       2832   c_w.l
      2468        120          0          0          0       1320   fz_ws.l
        40          0          0          0          0         68   m_ws.l

    ----------------------------------------------------------------------
      7544        320        176          0         96       4220   Library Totals

    ----------------------------------------------------------------------

==============================================================================


      Code (inc. data)   RO Data    RW Data    ZI Data      Debug   

     18860        440        472          8      13832     205592   Grand Totals
     18860        440        472          8      13832     205592   ELF Image Totals
     18860        440        472          8          0          0   ROM Totals

==============================================================================

    Total RO  Size (Code + RO Data)                19332 (  18.88kB)
    Total RW  Size (RW Data + ZI Data)             13840 (  13.52kB)
    Total ROM Size (Code + RO Data + RW Data)      19340 (  18.89kB)

==============================================================================

